MPLINK 5.00, LINKER
Linker Map File - Created Wed Jan 04 12:10:56 2023

                                 Section Info
                  Section       Type    Address   Location Size(Bytes)
                ---------  ---------  ---------  ---------  ---------
               _entry_scn       code   0x000000    program   0x000006
           .code___init.o       code   0x000006    program   0x000002
      InterruptVectorHigh       code   0x000008    program   0x000006
     .idata_interrupt.o_i    romdata   0x00000e    program   0x000004
       InterruptVectorLow       code   0x000018    program   0x000006
                   .cinit    romdata   0x00001e    program   0x000062
             .code_main.o       code   0x000080    program   0x0024d0
              .code_lcd.o       code   0x002550    program   0x00085a
           .code_output.o       code   0x002daa    program   0x00052c
             .code_uart.o       code   0x0032d6    program   0x000386
             .code_seg7.o       code   0x00365c    program   0x0002ee
             .stringtable    romdata   0x00394a    program   0x0002ad
       .romdata_fxm3232.o    romdata   0x003bf7    program   0x000000
     .romdata_interrupt.o    romdata   0x003bf7    program   0x000000
        .romdata___init.o    romdata   0x003bf7    program   0x000000
        .idata___init.o_i    romdata   0x003bf7    program   0x000000
         .romdata_timer.o    romdata   0x003bf7    program   0x000000
           .romdata_lcd.o    romdata   0x003bf7    program   0x000000
       .idata_fxm3232.o_i    romdata   0x003bf7    program   0x000000
.romdata_simulate_machine.o    romdata   0x003bf7    program   0x000000
        .romdata_output.o    romdata   0x003bf7    program   0x000000
      .romdata_fxd3232u.o    romdata   0x003bf7    program   0x000000
          .romdata_seg7.o    romdata   0x003bf7    program   0x000000
      .idata_fxd3232u.o_i    romdata   0x003bf7    program   0x000000
      .idata_fxd1616u.o_i    romdata   0x003bf7    program   0x000000
      .romdata_fxd1616u.o    romdata   0x003bf7    program   0x000000
      .idata_fxd2424u.o_i    romdata   0x003bf7    program   0x000000
      .romdata_fxd2424u.o    romdata   0x003bf7    program   0x000000
         .idata_c018i.o_i    romdata   0x003bf7    program   0x000000
         .romdata_c018i.o    romdata   0x003bf7    program   0x000000
        .romdata_button.o    romdata   0x003bf7    program   0x000000
          .idata_uart.o_i    romdata   0x003bf7    program   0x000000
          .romdata_uart.o    romdata   0x003bf7    program   0x000000
          .romdata_main.o    romdata   0x003bf7    program   0x000000
            .code_c018i.o       code   0x003bf8    program   0x000000
            .code_timer.o       code   0x003bf8    program   0x000264
           .code_button.o       code   0x003e5c    program   0x00025a
        .code_interrupt.o       code   0x0040b6    program   0x00017c
                     PROG       code   0x004232    program   0x000168
 .code_simulate_machine.o       code   0x00439a    program   0x0000fa
               _cinit_scn       code   0x004494    program   0x00009e
          .code_fxm3232.o       code   0x004532    program   0x000070
         .code_fxd3232u.o       code   0x0045a2    program   0x000048
         .code_fxd2424u.o       code   0x0045ea    program   0x00003a
         .code_fxd1616u.o       code   0x004624    program   0x00002c
                    .code       code   0x004650    program   0x000020
             _startup_scn       code   0x004670    program   0x00001c
         .idata_timer.o_i    romdata   0x00468c    program   0x000020
.idata_simulate_machine.o_i    romdata   0x0046ac    program   0x000013
          .idata_seg7.o_i    romdata   0x0046bf    program   0x0000ac
        .idata_output.o_i    romdata   0x00476b    program   0x000024
          .idata_main.o_i    romdata   0x00478f    program   0x000052
           .idata_lcd.o_i    romdata   0x0047e1    program   0x000061
        .idata_button.o_i    romdata   0x004842    program   0x000030
    .config_300001_main.o    romdata   0x300001    program   0x000001
    .config_300002_main.o    romdata   0x300002    program   0x000001
    .config_300003_main.o    romdata   0x300003    program   0x000001
    .config_300005_main.o    romdata   0x300005    program   0x000001
    .config_300006_main.o    romdata   0x300006    program   0x000001
    .config_300008_main.o    romdata   0x300008    program   0x000001
    .config_300009_main.o    romdata   0x300009    program   0x000001
    .config_30000a_main.o    romdata   0x30000a    program   0x000001
    .config_30000b_main.o    romdata   0x30000b    program   0x000001
    .config_30000c_main.o    romdata   0x30000c    program   0x000001
    .config_30000d_main.o    romdata   0x30000d    program   0x000001
                MATH_DATA      udata   0x000000       data   0x000014
                 .tmpdata      udata   0x000014       data   0x00000a
.udata_simulate_machine.o      udata   0x000080       data   0x000065
.idata_simulate_machine.o      idata   0x0000e5       data   0x000013
             .udata_lcd.o      udata   0x0000f8       data   0x000004
       .idata_interrupt.o      idata   0x0000fc       data   0x000004
            .idata_seg7.o      idata   0x000100       data   0x0000ac
            .idata_main.o      idata   0x0001ac       data   0x000052
        .udata_fxd3232u.o      udata   0x0001fe       data   0x000000
        .idata_fxd2424u.o      idata   0x0001fe       data   0x000000
        .udata_fxd2424u.o      udata   0x0001fe       data   0x000000
        .idata_fxd1616u.o      idata   0x0001fe       data   0x000000
        .udata_fxd1616u.o      udata   0x0001fe       data   0x000000
        .idata_fxd3232u.o      idata   0x0001fe       data   0x000000
            .udata_seg7.o      udata   0x0001fe       data   0x000000
         .udata_fxm3232.o      udata   0x0001fe       data   0x000000
          .udata_output.o      udata   0x0001fe       data   0x000000
         .idata_fxm3232.o      idata   0x0001fe       data   0x000000
           .idata_c018i.o      idata   0x0001fe       data   0x000000
          .udata___init.o      udata   0x0001fe       data   0x000000
          .idata___init.o      idata   0x0001fe       data   0x000000
           .udata_timer.o      udata   0x0001fe       data   0x000000
       .udata_interrupt.o      udata   0x0001fe       data   0x000000
          .udata_button.o      udata   0x0001fe       data   0x000000
            .udata_main.o      udata   0x0001fe       data   0x000000
            .idata_uart.o      idata   0x0001fe       data   0x000000
            .udata_uart.o      udata   0x0001fe       data   0x000000
          .idata_button.o      idata   0x000200       data   0x000030
          .idata_output.o      idata   0x000230       data   0x000024
           .idata_timer.o      idata   0x000254       data   0x000020
                   .stack      udata   0x000e00       data   0x000100
             .idata_lcd.o      idata   0x000f00       data   0x000061
           .udata_c018i.o      udata   0x000f61       data   0x00000a
            SFR_UNBANKED0      udata   0x000f80       data   0x000080



                              Program Memory Usage 
                               Start         End      
                           ---------   ---------      
                            0x000000    0x000011      
                            0x000018    0x003bf6      
                            0x003bf8    0x004871      
                            0x300001    0x300003      
                            0x300005    0x300006      
                            0x300008    0x30000d      
            18550 out of 66584 program addresses used, program memory utilization is 27%



                              Symbols - Sorted by Name
                     Name    Address   Location    Storage File                     
                ---------  ---------  ---------  --------- ---------                
              CloseOutput   0x002dbe    program     extern E:\Library\download\Documents\HK221\DAMH_TKLL\drive-download-20220917T033142Z-001\PICKITMPLAB\DATKLL_TRAFFIC_LIGHT_UART.X\button_matrix\output.c
             CloseOutput2   0x002e0c    program     extern E:\Library\download\Documents\HK221\DAMH_TKLL\drive-download-20220917T033142Z-001\PICKITMPLAB\DATKLL_TRAFFIC_LIGHT_UART.X\button_matrix\output.c
             CloseOutputE   0x002e66    program     extern E:\Library\download\Documents\HK221\DAMH_TKLL\drive-download-20220917T033142Z-001\PICKITMPLAB\DATKLL_TRAFFIC_LIGHT_UART.X\button_matrix\output.c
        CloseOutputPortAo   0x002fe6    program     extern E:\Library\download\Documents\HK221\DAMH_TKLL\drive-download-20220917T033142Z-001\PICKITMPLAB\DATKLL_TRAFFIC_LIGHT_UART.X\button_matrix\output.c
       CloseOutputPortAo2   0x002eda    program     extern E:\Library\download\Documents\HK221\DAMH_TKLL\drive-download-20220917T033142Z-001\PICKITMPLAB\DATKLL_TRAFFIC_LIGHT_UART.X\button_matrix\output.c
       CloseOutputPortAo3   0x0030ba    program     extern E:\Library\download\Documents\HK221\DAMH_TKLL\drive-download-20220917T033142Z-001\PICKITMPLAB\DATKLL_TRAFFIC_LIGHT_UART.X\button_matrix\output.c
                   D1616S   0x004254    program     static E:\3.46\pic18-lt\cxx-framework\src\traditional\math\fxd1616s.asm
                D1616SNEG   0x004262    program     static E:\3.46\pic18-lt\cxx-framework\src\traditional\math\fxd1616s.asm
                 D1616SOK   0x00425e    program     static E:\3.46\pic18-lt\cxx-framework\src\traditional\math\fxd1616s.asm
                  D1616SX   0x004274    program     static E:\3.46\pic18-lt\cxx-framework\src\traditional\math\fxd1616s.asm
                   D2424S   0x0042a8    program     static E:\3.46\pic18-lt\cxx-framework\src\traditional\math\fxd2424s.asm
                D2424SNEG   0x0042b6    program     static E:\3.46\pic18-lt\cxx-framework\src\traditional\math\fxd2424s.asm
                 D2424SOK   0x0042b2    program     static E:\3.46\pic18-lt\cxx-framework\src\traditional\math\fxd2424s.asm
                  D2424SX   0x0042ce    program     static E:\3.46\pic18-lt\cxx-framework\src\traditional\math\fxd2424s.asm
                   D3232S   0x004308    program     static E:\3.46\pic18-lt\cxx-framework\src\traditional\math\fxd3232s.asm
                D3232SNEG   0x004316    program     static E:\3.46\pic18-lt\cxx-framework\src\traditional\math\fxd3232s.asm
                 D3232SOK   0x004312    program     static E:\3.46\pic18-lt\cxx-framework\src\traditional\math\fxd3232s.asm
                  D3232SX   0x004336    program     static E:\3.46\pic18-lt\cxx-framework\src\traditional\math\fxd3232s.asm
                  DA1616S   0x004244    program     static E:\3.46\pic18-lt\cxx-framework\src\traditional\math\fxd1616s.asm
                  DA2424S   0x004294    program     static E:\3.46\pic18-lt\cxx-framework\src\traditional\math\fxd2424s.asm
                  DA3232S   0x0042f2    program     static E:\3.46\pic18-lt\cxx-framework\src\traditional\math\fxd3232s.asm
       DisplayDataReceive   0x004408    program     extern E:\Library\download\Documents\HK221\DAMH_TKLL\drive-download-20220917T033142Z-001\PICKITMPLAB\DATKLL_TRAFFIC_LIGHT_UART.X\simulate_machine\simulate_machine.c
         DisplayLcdScreen   0x00290a    program     extern E:\Library\download\Documents\HK221\DAMH_TKLL\drive-download-20220917T033142Z-001\PICKITMPLAB\DATKLL_TRAFFIC_LIGHT_UART.X\lcd\lcd.c
        DisplayLcdScreen2   0x00298a    program     extern E:\Library\download\Documents\HK221\DAMH_TKLL\drive-download-20220917T033142Z-001\PICKITMPLAB\DATKLL_TRAFFIC_LIGHT_UART.X\lcd\lcd.c
      DisplayLcdScreenOld   0x0029c8    program     extern E:\Library\download\Documents\HK221\DAMH_TKLL\drive-download-20220917T033142Z-001\PICKITMPLAB\DATKLL_TRAFFIC_LIGHT_UART.X\lcd\lcd.c
                 FXD1616S   0x004232    program     extern E:\3.46\pic18-lt\cxx-framework\src\traditional\math\fxd1616s.asm
                 FXD1616U   0x004624    program     extern E:\3.46\pic18-lt\cxx-framework\src\traditional\math\fxd1616u.c
                 FXD2424S   0x00427e    program     extern E:\3.46\pic18-lt\cxx-framework\src\traditional\math\fxd2424s.asm
                 FXD2424U   0x0045ea    program     extern E:\3.46\pic18-lt\cxx-framework\src\traditional\math\fxd2424u.c
                 FXD3232S   0x0042d8    program     extern E:\3.46\pic18-lt\cxx-framework\src\traditional\math\fxd3232s.asm
                 FXD3232U   0x0045a2    program     extern E:\3.46\pic18-lt\cxx-framework\src\traditional\math\fxd3232u.c
                 FXM1616S   0x004340    program     extern E:\3.46\pic18-lt\cxx-framework\src\traditional\math\fxm1616s.asm
                  FXM3232   0x004532    program     extern E:\3.46\pic18-lt\cxx-framework\src\traditional\math\fxm3232.c
             Flash_yellow   0x002f14    program     extern E:\Library\download\Documents\HK221\DAMH_TKLL\drive-download-20220917T033142Z-001\PICKITMPLAB\DATKLL_TRAFFIC_LIGHT_UART.X\button_matrix\output.c
      InterruptVectorHigh   0x000008    program     extern E:\Library\download\Documents\HK221\DAMH_TKLL\drive-download-20220917T033142Z-001\PICKITMPLAB\DATKLL_TRAFFIC_LIGHT_UART.X\interrupt\interrupt.c
       InterruptVectorLow   0x000018    program     extern E:\Library\download\Documents\HK221\DAMH_TKLL\drive-download-20220917T033142Z-001\PICKITMPLAB\DATKLL_TRAFFIC_LIGHT_UART.X\interrupt\interrupt.c
                LcdClearS   0x0028ba    program     extern E:\Library\download\Documents\HK221\DAMH_TKLL\drive-download-20220917T033142Z-001\PICKITMPLAB\DATKLL_TRAFFIC_LIGHT_UART.X\lcd\lcd.c
            LcdPrintCharS   0x0029ea    program     extern E:\Library\download\Documents\HK221\DAMH_TKLL\drive-download-20220917T033142Z-001\PICKITMPLAB\DATKLL_TRAFFIC_LIGHT_UART.X\lcd\lcd.c
              LcdPrintNum   0x002856    program     extern E:\Library\download\Documents\HK221\DAMH_TKLL\drive-download-20220917T033142Z-001\PICKITMPLAB\DATKLL_TRAFFIC_LIGHT_UART.X\lcd\lcd.c
             LcdPrintNumS   0x002a0c    program     extern E:\Library\download\Documents\HK221\DAMH_TKLL\drive-download-20220917T033142Z-001\PICKITMPLAB\DATKLL_TRAFFIC_LIGHT_UART.X\lcd\lcd.c
           LcdPrintString   0x00287c    program     extern E:\Library\download\Documents\HK221\DAMH_TKLL\drive-download-20220917T033142Z-001\PICKITMPLAB\DATKLL_TRAFFIC_LIGHT_UART.X\lcd\lcd.c
          LcdPrintStringS   0x002aa8    program     extern E:\Library\download\Documents\HK221\DAMH_TKLL\drive-download-20220917T033142Z-001\PICKITMPLAB\DATKLL_TRAFFIC_LIGHT_UART.X\lcd\lcd.c
           NormalMode_fsm   0x0006e8    program     extern E:\Library\download\Documents\HK221\DAMH_TKLL\drive-download-20220917T033142Z-001\PICKITMPLAB\DATKLL_TRAFFIC_LIGHT_UART.X\main.c
               OpenOutput   0x002daa    program     extern E:\Library\download\Documents\HK221\DAMH_TKLL\drive-download-20220917T033142Z-001\PICKITMPLAB\DATKLL_TRAFFIC_LIGHT_UART.X\button_matrix\output.c
              OpenOutput2   0x002df8    program     extern E:\Library\download\Documents\HK221\DAMH_TKLL\drive-download-20220917T033142Z-001\PICKITMPLAB\DATKLL_TRAFFIC_LIGHT_UART.X\button_matrix\output.c
              OpenOutputE   0x002e5c    program     extern E:\Library\download\Documents\HK221\DAMH_TKLL\drive-download-20220917T033142Z-001\PICKITMPLAB\DATKLL_TRAFFIC_LIGHT_UART.X\button_matrix\output.c
         OpenOutputPortAo   0x002fd0    program     extern E:\Library\download\Documents\HK221\DAMH_TKLL\drive-download-20220917T033142Z-001\PICKITMPLAB\DATKLL_TRAFFIC_LIGHT_UART.X\button_matrix\output.c
        OpenOutputPortAo2   0x002ec4    program     extern E:\Library\download\Documents\HK221\DAMH_TKLL\drive-download-20220917T033142Z-001\PICKITMPLAB\DATKLL_TRAFFIC_LIGHT_UART.X\button_matrix\output.c
        OpenOutputPortAo3   0x0030a4    program     extern E:\Library\download\Documents\HK221\DAMH_TKLL\drive-download-20220917T033142Z-001\PICKITMPLAB\DATKLL_TRAFFIC_LIGHT_UART.X\button_matrix\output.c
            ReverseOutput   0x002dd2    program     extern E:\Library\download\Documents\HK221\DAMH_TKLL\drive-download-20220917T033142Z-001\PICKITMPLAB\DATKLL_TRAFFIC_LIGHT_UART.X\button_matrix\output.c
           ReverseOutput2   0x002e20    program     extern E:\Library\download\Documents\HK221\DAMH_TKLL\drive-download-20220917T033142Z-001\PICKITMPLAB\DATKLL_TRAFFIC_LIGHT_UART.X\button_matrix\output.c
      ReverseOutputPortAo   0x003020    program     extern E:\Library\download\Documents\HK221\DAMH_TKLL\drive-download-20220917T033142Z-001\PICKITMPLAB\DATKLL_TRAFFIC_LIGHT_UART.X\button_matrix\output.c
     ReverseOutputPortAo2   0x002f54    program     extern E:\Library\download\Documents\HK221\DAMH_TKLL\drive-download-20220917T033142Z-001\PICKITMPLAB\DATKLL_TRAFFIC_LIGHT_UART.X\button_matrix\output.c
     ReverseOutputPortAo3   0x0030f4    program     extern E:\Library\download\Documents\HK221\DAMH_TKLL\drive-download-20220917T033142Z-001\PICKITMPLAB\DATKLL_TRAFFIC_LIGHT_UART.X\button_matrix\output.c
             SetTimer0_ms   0x003d34    program     extern E:\Library\download\Documents\HK221\DAMH_TKLL\drive-download-20220917T033142Z-001\PICKITMPLAB\DATKLL_TRAFFIC_LIGHT_UART.X\timer\timer.c
             SetTimer1_ms   0x003d4c    program     extern E:\Library\download\Documents\HK221\DAMH_TKLL\drive-download-20220917T033142Z-001\PICKITMPLAB\DATKLL_TRAFFIC_LIGHT_UART.X\timer\timer.c
             SetTimer3_ms   0x003d7e    program     extern E:\Library\download\Documents\HK221\DAMH_TKLL\drive-download-20220917T033142Z-001\PICKITMPLAB\DATKLL_TRAFFIC_LIGHT_UART.X\timer\timer.c
         SimulatedataSend   0x004406    program     extern E:\Library\download\Documents\HK221\DAMH_TKLL\drive-download-20220917T033142Z-001\PICKITMPLAB\DATKLL_TRAFFIC_LIGHT_UART.X\simulate_machine\simulate_machine.c
               TSIGN1616A   0x00438c    program     static E:\3.46\pic18-lt\cxx-framework\src\traditional\math\fxm1616s.asm
     TrafficLight_display   0x00120a    program     extern E:\Library\download\Documents\HK221\DAMH_TKLL\drive-download-20220917T033142Z-001\PICKITMPLAB\DATKLL_TRAFFIC_LIGHT_UART.X\main.c
   UartDataReceiveProcess   0x000654    program     extern E:\Library\download\Documents\HK221\DAMH_TKLL\drive-download-20220917T033142Z-001\PICKITMPLAB\DATKLL_TRAFFIC_LIGHT_UART.X\main.c
              UartSendNum   0x00346c    program     extern E:\Library\download\Documents\HK221\DAMH_TKLL\drive-download-20220917T033142Z-001\PICKITMPLAB\DATKLL_TRAFFIC_LIGHT_UART.X\uart\uart.c
           UartSendString   0x003392    program     extern E:\Library\download\Documents\HK221\DAMH_TKLL\drive-download-20220917T033142Z-001\PICKITMPLAB\DATKLL_TRAFFIC_LIGHT_UART.X\uart\uart.c
             UpdateBuffer   0x00380c    program     extern E:\Library\download\Documents\HK221\DAMH_TKLL\drive-download-20220917T033142Z-001\PICKITMPLAB\DATKLL_TRAFFIC_LIGHT_UART.X\button_matrix\seg7.c
       ___return_lbl00000   0x0045e8    program     static                          
       ___return_lbl00000   0x000004    program     static                          
       ___return_lbl00000   0x004622    program     static                          
       ___return_lbl00000   0x00464e    program     static                          
       ___return_lbl00000   0x0045a0    program     static                          
       ___return_lbl00001   0x00468a    program     static                          
       ___return_lbl00002   0x004530    program     static                          
       ___return_lbl00002   0x00001c    program     static                          
       ___return_lbl00003   0x00000c    program     static                          
               __config_0   0x300001    program     static E:\Library\download\Documents\HK221\DAMH_TKLL\drive-download-20220917T033142Z-001\PICKITMPLAB\DATKLL_TRAFFIC_LIGHT_UART.X\main.c
               __config_1   0x300002    program     static E:\Library\download\Documents\HK221\DAMH_TKLL\drive-download-20220917T033142Z-001\PICKITMPLAB\DATKLL_TRAFFIC_LIGHT_UART.X\main.c
              __config_10   0x30000d    program     static E:\Library\download\Documents\HK221\DAMH_TKLL\drive-download-20220917T033142Z-001\PICKITMPLAB\DATKLL_TRAFFIC_LIGHT_UART.X\main.c
               __config_2   0x300003    program     static E:\Library\download\Documents\HK221\DAMH_TKLL\drive-download-20220917T033142Z-001\PICKITMPLAB\DATKLL_TRAFFIC_LIGHT_UART.X\main.c
               __config_3   0x300005    program     static E:\Library\download\Documents\HK221\DAMH_TKLL\drive-download-20220917T033142Z-001\PICKITMPLAB\DATKLL_TRAFFIC_LIGHT_UART.X\main.c
               __config_4   0x300006    program     static E:\Library\download\Documents\HK221\DAMH_TKLL\drive-download-20220917T033142Z-001\PICKITMPLAB\DATKLL_TRAFFIC_LIGHT_UART.X\main.c
               __config_5   0x300008    program     static E:\Library\download\Documents\HK221\DAMH_TKLL\drive-download-20220917T033142Z-001\PICKITMPLAB\DATKLL_TRAFFIC_LIGHT_UART.X\main.c
               __config_6   0x300009    program     static E:\Library\download\Documents\HK221\DAMH_TKLL\drive-download-20220917T033142Z-001\PICKITMPLAB\DATKLL_TRAFFIC_LIGHT_UART.X\main.c
               __config_7   0x30000a    program     static E:\Library\download\Documents\HK221\DAMH_TKLL\drive-download-20220917T033142Z-001\PICKITMPLAB\DATKLL_TRAFFIC_LIGHT_UART.X\main.c
               __config_8   0x30000b    program     static E:\Library\download\Documents\HK221\DAMH_TKLL\drive-download-20220917T033142Z-001\PICKITMPLAB\DATKLL_TRAFFIC_LIGHT_UART.X\main.c
               __config_9   0x30000c    program     static E:\Library\download\Documents\HK221\DAMH_TKLL\drive-download-20220917T033142Z-001\PICKITMPLAB\DATKLL_TRAFFIC_LIGHT_UART.X\main.c
                   __init   0x000006    program     extern E:\3.46\pic18-lt\cxx-framework\src\traditional\stdclib\__init.c
                   __pa_0   0x003ff8    program     static E:\Library\download\Documents\HK221\DAMH_TKLL\drive-download-20220917T033142Z-001\PICKITMPLAB\DATKLL_TRAFFIC_LIGHT_UART.X\button_matrix\button.c
                   __pa_0   0x0038e8    program     static E:\Library\download\Documents\HK221\DAMH_TKLL\drive-download-20220917T033142Z-001\PICKITMPLAB\DATKLL_TRAFFIC_LIGHT_UART.X\button_matrix\seg7.c
                   __pa_0   0x0041aa    program     static E:\Library\download\Documents\HK221\DAMH_TKLL\drive-download-20220917T033142Z-001\PICKITMPLAB\DATKLL_TRAFFIC_LIGHT_UART.X\interrupt\interrupt.c
                   __pa_0   0x001cee    program     static E:\Library\download\Documents\HK221\DAMH_TKLL\drive-download-20220917T033142Z-001\PICKITMPLAB\DATKLL_TRAFFIC_LIGHT_UART.X\main.c
                   __pa_0   0x003db0    program     static E:\Library\download\Documents\HK221\DAMH_TKLL\drive-download-20220917T033142Z-001\PICKITMPLAB\DATKLL_TRAFFIC_LIGHT_UART.X\timer\timer.c
                   __pa_0   0x00311c    program     static E:\Library\download\Documents\HK221\DAMH_TKLL\drive-download-20220917T033142Z-001\PICKITMPLAB\DATKLL_TRAFFIC_LIGHT_UART.X\button_matrix\output.c
                   __pa_0   0x004474    program     static E:\Library\download\Documents\HK221\DAMH_TKLL\drive-download-20220917T033142Z-001\PICKITMPLAB\DATKLL_TRAFFIC_LIGHT_UART.X\simulate_machine\simulate_machine.c
                   __pa_0   0x00357e    program     static E:\Library\download\Documents\HK221\DAMH_TKLL\drive-download-20220917T033142Z-001\PICKITMPLAB\DATKLL_TRAFFIC_LIGHT_UART.X\uart\uart.c
                   __pa_0   0x002ada    program     static E:\Library\download\Documents\HK221\DAMH_TKLL\drive-download-20220917T033142Z-001\PICKITMPLAB\DATKLL_TRAFFIC_LIGHT_UART.X\lcd\lcd.c
                   __pa_1   0x00401a    program     static E:\Library\download\Documents\HK221\DAMH_TKLL\drive-download-20220917T033142Z-001\PICKITMPLAB\DATKLL_TRAFFIC_LIGHT_UART.X\button_matrix\button.c
                   __pa_1   0x00359c    program     static E:\Library\download\Documents\HK221\DAMH_TKLL\drive-download-20220917T033142Z-001\PICKITMPLAB\DATKLL_TRAFFIC_LIGHT_UART.X\uart\uart.c
                   __pa_1   0x0041d4    program     static E:\Library\download\Documents\HK221\DAMH_TKLL\drive-download-20220917T033142Z-001\PICKITMPLAB\DATKLL_TRAFFIC_LIGHT_UART.X\interrupt\interrupt.c
                   __pa_1   0x003900    program     static E:\Library\download\Documents\HK221\DAMH_TKLL\drive-download-20220917T033142Z-001\PICKITMPLAB\DATKLL_TRAFFIC_LIGHT_UART.X\button_matrix\seg7.c
                   __pa_1   0x001cf4    program     static E:\Library\download\Documents\HK221\DAMH_TKLL\drive-download-20220917T033142Z-001\PICKITMPLAB\DATKLL_TRAFFIC_LIGHT_UART.X\main.c
                   __pa_1   0x003128    program     static E:\Library\download\Documents\HK221\DAMH_TKLL\drive-download-20220917T033142Z-001\PICKITMPLAB\DATKLL_TRAFFIC_LIGHT_UART.X\button_matrix\output.c
                   __pa_1   0x003ddc    program     static E:\Library\download\Documents\HK221\DAMH_TKLL\drive-download-20220917T033142Z-001\PICKITMPLAB\DATKLL_TRAFFIC_LIGHT_UART.X\timer\timer.c
                   __pa_1   0x002ae8    program     static E:\Library\download\Documents\HK221\DAMH_TKLL\drive-download-20220917T033142Z-001\PICKITMPLAB\DATKLL_TRAFFIC_LIGHT_UART.X\lcd\lcd.c
                   __pa_1   0x004486    program     static E:\Library\download\Documents\HK221\DAMH_TKLL\drive-download-20220917T033142Z-001\PICKITMPLAB\DATKLL_TRAFFIC_LIGHT_UART.X\simulate_machine\simulate_machine.c
                  __pa_10   0x0031b6    program     static E:\Library\download\Documents\HK221\DAMH_TKLL\drive-download-20220917T033142Z-001\PICKITMPLAB\DATKLL_TRAFFIC_LIGHT_UART.X\button_matrix\output.c
                  __pa_10   0x003618    program     static E:\Library\download\Documents\HK221\DAMH_TKLL\drive-download-20220917T033142Z-001\PICKITMPLAB\DATKLL_TRAFFIC_LIGHT_UART.X\uart\uart.c
                  __pa_10   0x002b6c    program     static E:\Library\download\Documents\HK221\DAMH_TKLL\drive-download-20220917T033142Z-001\PICKITMPLAB\DATKLL_TRAFFIC_LIGHT_UART.X\lcd\lcd.c
                  __pa_10   0x001d88    program     static E:\Library\download\Documents\HK221\DAMH_TKLL\drive-download-20220917T033142Z-001\PICKITMPLAB\DATKLL_TRAFFIC_LIGHT_UART.X\main.c
                  __pa_10   0x003e4e    program     static E:\Library\download\Documents\HK221\DAMH_TKLL\drive-download-20220917T033142Z-001\PICKITMPLAB\DATKLL_TRAFFIC_LIGHT_UART.X\timer\timer.c
                  __pa_10   0x0040a2    program     static E:\Library\download\Documents\HK221\DAMH_TKLL\drive-download-20220917T033142Z-001\PICKITMPLAB\DATKLL_TRAFFIC_LIGHT_UART.X\button_matrix\button.c
                 __pa_100   0x002306    program     static E:\Library\download\Documents\HK221\DAMH_TKLL\drive-download-20220917T033142Z-001\PICKITMPLAB\DATKLL_TRAFFIC_LIGHT_UART.X\main.c
                 __pa_101   0x002310    program     static E:\Library\download\Documents\HK221\DAMH_TKLL\drive-download-20220917T033142Z-001\PICKITMPLAB\DATKLL_TRAFFIC_LIGHT_UART.X\main.c
                 __pa_102   0x002316    program     static E:\Library\download\Documents\HK221\DAMH_TKLL\drive-download-20220917T033142Z-001\PICKITMPLAB\DATKLL_TRAFFIC_LIGHT_UART.X\main.c
                 __pa_103   0x002324    program     static E:\Library\download\Documents\HK221\DAMH_TKLL\drive-download-20220917T033142Z-001\PICKITMPLAB\DATKLL_TRAFFIC_LIGHT_UART.X\main.c
                 __pa_104   0x002332    program     static E:\Library\download\Documents\HK221\DAMH_TKLL\drive-download-20220917T033142Z-001\PICKITMPLAB\DATKLL_TRAFFIC_LIGHT_UART.X\main.c
                 __pa_105   0x002344    program     static E:\Library\download\Documents\HK221\DAMH_TKLL\drive-download-20220917T033142Z-001\PICKITMPLAB\DATKLL_TRAFFIC_LIGHT_UART.X\main.c
                 __pa_106   0x00234e    program     static E:\Library\download\Documents\HK221\DAMH_TKLL\drive-download-20220917T033142Z-001\PICKITMPLAB\DATKLL_TRAFFIC_LIGHT_UART.X\main.c
                 __pa_107   0x002358    program     static E:\Library\download\Documents\HK221\DAMH_TKLL\drive-download-20220917T033142Z-001\PICKITMPLAB\DATKLL_TRAFFIC_LIGHT_UART.X\main.c
                 __pa_108   0x002362    program     static E:\Library\download\Documents\HK221\DAMH_TKLL\drive-download-20220917T033142Z-001\PICKITMPLAB\DATKLL_TRAFFIC_LIGHT_UART.X\main.c
                 __pa_109   0x00236c    program     static E:\Library\download\Documents\HK221\DAMH_TKLL\drive-download-20220917T033142Z-001\PICKITMPLAB\DATKLL_TRAFFIC_LIGHT_UART.X\main.c
                  __pa_11   0x001d9e    program     static E:\Library\download\Documents\HK221\DAMH_TKLL\drive-download-20220917T033142Z-001\PICKITMPLAB\DATKLL_TRAFFIC_LIGHT_UART.X\main.c
                  __pa_11   0x002b86    program     static E:\Library\download\Documents\HK221\DAMH_TKLL\drive-download-20220917T033142Z-001\PICKITMPLAB\DATKLL_TRAFFIC_LIGHT_UART.X\lcd\lcd.c
                  __pa_11   0x0031c2    program     static E:\Library\download\Documents\HK221\DAMH_TKLL\drive-download-20220917T033142Z-001\PICKITMPLAB\DATKLL_TRAFFIC_LIGHT_UART.X\button_matrix\output.c
                  __pa_11   0x003626    program     static E:\Library\download\Documents\HK221\DAMH_TKLL\drive-download-20220917T033142Z-001\PICKITMPLAB\DATKLL_TRAFFIC_LIGHT_UART.X\uart\uart.c
                  __pa_11   0x0040ac    program     static E:\Library\download\Documents\HK221\DAMH_TKLL\drive-download-20220917T033142Z-001\PICKITMPLAB\DATKLL_TRAFFIC_LIGHT_UART.X\button_matrix\button.c
                 __pa_110   0x002374    program     static E:\Library\download\Documents\HK221\DAMH_TKLL\drive-download-20220917T033142Z-001\PICKITMPLAB\DATKLL_TRAFFIC_LIGHT_UART.X\main.c
                 __pa_111   0x002380    program     static E:\Library\download\Documents\HK221\DAMH_TKLL\drive-download-20220917T033142Z-001\PICKITMPLAB\DATKLL_TRAFFIC_LIGHT_UART.X\main.c
                 __pa_112   0x00238c    program     static E:\Library\download\Documents\HK221\DAMH_TKLL\drive-download-20220917T033142Z-001\PICKITMPLAB\DATKLL_TRAFFIC_LIGHT_UART.X\main.c
                 __pa_113   0x002398    program     static E:\Library\download\Documents\HK221\DAMH_TKLL\drive-download-20220917T033142Z-001\PICKITMPLAB\DATKLL_TRAFFIC_LIGHT_UART.X\main.c
                 __pa_114   0x0023a8    program     static E:\Library\download\Documents\HK221\DAMH_TKLL\drive-download-20220917T033142Z-001\PICKITMPLAB\DATKLL_TRAFFIC_LIGHT_UART.X\main.c
                 __pa_115   0x0023b4    program     static E:\Library\download\Documents\HK221\DAMH_TKLL\drive-download-20220917T033142Z-001\PICKITMPLAB\DATKLL_TRAFFIC_LIGHT_UART.X\main.c
                 __pa_116   0x0023c2    program     static E:\Library\download\Documents\HK221\DAMH_TKLL\drive-download-20220917T033142Z-001\PICKITMPLAB\DATKLL_TRAFFIC_LIGHT_UART.X\main.c
                 __pa_117   0x0023ca    program     static E:\Library\download\Documents\HK221\DAMH_TKLL\drive-download-20220917T033142Z-001\PICKITMPLAB\DATKLL_TRAFFIC_LIGHT_UART.X\main.c
                 __pa_118   0x0023d2    program     static E:\Library\download\Documents\HK221\DAMH_TKLL\drive-download-20220917T033142Z-001\PICKITMPLAB\DATKLL_TRAFFIC_LIGHT_UART.X\main.c
                 __pa_119   0x0023da    program     static E:\Library\download\Documents\HK221\DAMH_TKLL\drive-download-20220917T033142Z-001\PICKITMPLAB\DATKLL_TRAFFIC_LIGHT_UART.X\main.c
                  __pa_12   0x002ba0    program     static E:\Library\download\Documents\HK221\DAMH_TKLL\drive-download-20220917T033142Z-001\PICKITMPLAB\DATKLL_TRAFFIC_LIGHT_UART.X\lcd\lcd.c
                  __pa_12   0x001dae    program     static E:\Library\download\Documents\HK221\DAMH_TKLL\drive-download-20220917T033142Z-001\PICKITMPLAB\DATKLL_TRAFFIC_LIGHT_UART.X\main.c
                  __pa_12   0x003638    program     static E:\Library\download\Documents\HK221\DAMH_TKLL\drive-download-20220917T033142Z-001\PICKITMPLAB\DATKLL_TRAFFIC_LIGHT_UART.X\uart\uart.c
                  __pa_12   0x0031d2    program     static E:\Library\download\Documents\HK221\DAMH_TKLL\drive-download-20220917T033142Z-001\PICKITMPLAB\DATKLL_TRAFFIC_LIGHT_UART.X\button_matrix\output.c
                 __pa_120   0x0023e2    program     static E:\Library\download\Documents\HK221\DAMH_TKLL\drive-download-20220917T033142Z-001\PICKITMPLAB\DATKLL_TRAFFIC_LIGHT_UART.X\main.c
                 __pa_121   0x0023ea    program     static E:\Library\download\Documents\HK221\DAMH_TKLL\drive-download-20220917T033142Z-001\PICKITMPLAB\DATKLL_TRAFFIC_LIGHT_UART.X\main.c
                 __pa_122   0x0023f2    program     static E:\Library\download\Documents\HK221\DAMH_TKLL\drive-download-20220917T033142Z-001\PICKITMPLAB\DATKLL_TRAFFIC_LIGHT_UART.X\main.c
                 __pa_123   0x0023f6    program     static E:\Library\download\Documents\HK221\DAMH_TKLL\drive-download-20220917T033142Z-001\PICKITMPLAB\DATKLL_TRAFFIC_LIGHT_UART.X\main.c
                 __pa_124   0x0023fe    program     static E:\Library\download\Documents\HK221\DAMH_TKLL\drive-download-20220917T033142Z-001\PICKITMPLAB\DATKLL_TRAFFIC_LIGHT_UART.X\main.c
                 __pa_125   0x002408    program     static E:\Library\download\Documents\HK221\DAMH_TKLL\drive-download-20220917T033142Z-001\PICKITMPLAB\DATKLL_TRAFFIC_LIGHT_UART.X\main.c
                 __pa_126   0x002412    program     static E:\Library\download\Documents\HK221\DAMH_TKLL\drive-download-20220917T033142Z-001\PICKITMPLAB\DATKLL_TRAFFIC_LIGHT_UART.X\main.c
                 __pa_127   0x002420    program     static E:\Library\download\Documents\HK221\DAMH_TKLL\drive-download-20220917T033142Z-001\PICKITMPLAB\DATKLL_TRAFFIC_LIGHT_UART.X\main.c
                 __pa_128   0x002426    program     static E:\Library\download\Documents\HK221\DAMH_TKLL\drive-download-20220917T033142Z-001\PICKITMPLAB\DATKLL_TRAFFIC_LIGHT_UART.X\main.c
                 __pa_129   0x002430    program     static E:\Library\download\Documents\HK221\DAMH_TKLL\drive-download-20220917T033142Z-001\PICKITMPLAB\DATKLL_TRAFFIC_LIGHT_UART.X\main.c
                  __pa_13   0x001dc8    program     static E:\Library\download\Documents\HK221\DAMH_TKLL\drive-download-20220917T033142Z-001\PICKITMPLAB\DATKLL_TRAFFIC_LIGHT_UART.X\main.c
                  __pa_13   0x00364a    program     static E:\Library\download\Documents\HK221\DAMH_TKLL\drive-download-20220917T033142Z-001\PICKITMPLAB\DATKLL_TRAFFIC_LIGHT_UART.X\uart\uart.c
                  __pa_13   0x0031da    program     static E:\Library\download\Documents\HK221\DAMH_TKLL\drive-download-20220917T033142Z-001\PICKITMPLAB\DATKLL_TRAFFIC_LIGHT_UART.X\button_matrix\output.c
                  __pa_13   0x002bb8    program     static E:\Library\download\Documents\HK221\DAMH_TKLL\drive-download-20220917T033142Z-001\PICKITMPLAB\DATKLL_TRAFFIC_LIGHT_UART.X\lcd\lcd.c
                 __pa_130   0x00243a    program     static E:\Library\download\Documents\HK221\DAMH_TKLL\drive-download-20220917T033142Z-001\PICKITMPLAB\DATKLL_TRAFFIC_LIGHT_UART.X\main.c
                 __pa_131   0x002446    program     static E:\Library\download\Documents\HK221\DAMH_TKLL\drive-download-20220917T033142Z-001\PICKITMPLAB\DATKLL_TRAFFIC_LIGHT_UART.X\main.c
                 __pa_132   0x002452    program     static E:\Library\download\Documents\HK221\DAMH_TKLL\drive-download-20220917T033142Z-001\PICKITMPLAB\DATKLL_TRAFFIC_LIGHT_UART.X\main.c
                 __pa_133   0x00245c    program     static E:\Library\download\Documents\HK221\DAMH_TKLL\drive-download-20220917T033142Z-001\PICKITMPLAB\DATKLL_TRAFFIC_LIGHT_UART.X\main.c
                 __pa_134   0x002464    program     static E:\Library\download\Documents\HK221\DAMH_TKLL\drive-download-20220917T033142Z-001\PICKITMPLAB\DATKLL_TRAFFIC_LIGHT_UART.X\main.c
                 __pa_135   0x00246c    program     static E:\Library\download\Documents\HK221\DAMH_TKLL\drive-download-20220917T033142Z-001\PICKITMPLAB\DATKLL_TRAFFIC_LIGHT_UART.X\main.c
                 __pa_136   0x002474    program     static E:\Library\download\Documents\HK221\DAMH_TKLL\drive-download-20220917T033142Z-001\PICKITMPLAB\DATKLL_TRAFFIC_LIGHT_UART.X\main.c
                 __pa_137   0x00247c    program     static E:\Library\download\Documents\HK221\DAMH_TKLL\drive-download-20220917T033142Z-001\PICKITMPLAB\DATKLL_TRAFFIC_LIGHT_UART.X\main.c
                 __pa_138   0x00248e    program     static E:\Library\download\Documents\HK221\DAMH_TKLL\drive-download-20220917T033142Z-001\PICKITMPLAB\DATKLL_TRAFFIC_LIGHT_UART.X\main.c
                 __pa_139   0x002498    program     static E:\Library\download\Documents\HK221\DAMH_TKLL\drive-download-20220917T033142Z-001\PICKITMPLAB\DATKLL_TRAFFIC_LIGHT_UART.X\main.c
                  __pa_14   0x002bd0    program     static E:\Library\download\Documents\HK221\DAMH_TKLL\drive-download-20220917T033142Z-001\PICKITMPLAB\DATKLL_TRAFFIC_LIGHT_UART.X\lcd\lcd.c
                  __pa_14   0x001dd6    program     static E:\Library\download\Documents\HK221\DAMH_TKLL\drive-download-20220917T033142Z-001\PICKITMPLAB\DATKLL_TRAFFIC_LIGHT_UART.X\main.c
                  __pa_14   0x0031e2    program     static E:\Library\download\Documents\HK221\DAMH_TKLL\drive-download-20220917T033142Z-001\PICKITMPLAB\DATKLL_TRAFFIC_LIGHT_UART.X\button_matrix\output.c
                 __pa_140   0x0024a8    program     static E:\Library\download\Documents\HK221\DAMH_TKLL\drive-download-20220917T033142Z-001\PICKITMPLAB\DATKLL_TRAFFIC_LIGHT_UART.X\main.c
                 __pa_141   0x0024b8    program     static E:\Library\download\Documents\HK221\DAMH_TKLL\drive-download-20220917T033142Z-001\PICKITMPLAB\DATKLL_TRAFFIC_LIGHT_UART.X\main.c
                 __pa_142   0x0024ca    program     static E:\Library\download\Documents\HK221\DAMH_TKLL\drive-download-20220917T033142Z-001\PICKITMPLAB\DATKLL_TRAFFIC_LIGHT_UART.X\main.c
                 __pa_143   0x0024d2    program     static E:\Library\download\Documents\HK221\DAMH_TKLL\drive-download-20220917T033142Z-001\PICKITMPLAB\DATKLL_TRAFFIC_LIGHT_UART.X\main.c
                 __pa_144   0x0024da    program     static E:\Library\download\Documents\HK221\DAMH_TKLL\drive-download-20220917T033142Z-001\PICKITMPLAB\DATKLL_TRAFFIC_LIGHT_UART.X\main.c
                 __pa_145   0x0024e4    program     static E:\Library\download\Documents\HK221\DAMH_TKLL\drive-download-20220917T033142Z-001\PICKITMPLAB\DATKLL_TRAFFIC_LIGHT_UART.X\main.c
                 __pa_146   0x0024ee    program     static E:\Library\download\Documents\HK221\DAMH_TKLL\drive-download-20220917T033142Z-001\PICKITMPLAB\DATKLL_TRAFFIC_LIGHT_UART.X\main.c
                 __pa_147   0x0024f6    program     static E:\Library\download\Documents\HK221\DAMH_TKLL\drive-download-20220917T033142Z-001\PICKITMPLAB\DATKLL_TRAFFIC_LIGHT_UART.X\main.c
                 __pa_148   0x0024fe    program     static E:\Library\download\Documents\HK221\DAMH_TKLL\drive-download-20220917T033142Z-001\PICKITMPLAB\DATKLL_TRAFFIC_LIGHT_UART.X\main.c
                 __pa_149   0x00250c    program     static E:\Library\download\Documents\HK221\DAMH_TKLL\drive-download-20220917T033142Z-001\PICKITMPLAB\DATKLL_TRAFFIC_LIGHT_UART.X\main.c
                  __pa_15   0x001dde    program     static E:\Library\download\Documents\HK221\DAMH_TKLL\drive-download-20220917T033142Z-001\PICKITMPLAB\DATKLL_TRAFFIC_LIGHT_UART.X\main.c
                  __pa_15   0x002be8    program     static E:\Library\download\Documents\HK221\DAMH_TKLL\drive-download-20220917T033142Z-001\PICKITMPLAB\DATKLL_TRAFFIC_LIGHT_UART.X\lcd\lcd.c
                  __pa_15   0x0031ea    program     static E:\Library\download\Documents\HK221\DAMH_TKLL\drive-download-20220917T033142Z-001\PICKITMPLAB\DATKLL_TRAFFIC_LIGHT_UART.X\button_matrix\output.c
                 __pa_150   0x00251a    program     static E:\Library\download\Documents\HK221\DAMH_TKLL\drive-download-20220917T033142Z-001\PICKITMPLAB\DATKLL_TRAFFIC_LIGHT_UART.X\main.c
                 __pa_151   0x002524    program     static E:\Library\download\Documents\HK221\DAMH_TKLL\drive-download-20220917T033142Z-001\PICKITMPLAB\DATKLL_TRAFFIC_LIGHT_UART.X\main.c
                 __pa_152   0x00252c    program     static E:\Library\download\Documents\HK221\DAMH_TKLL\drive-download-20220917T033142Z-001\PICKITMPLAB\DATKLL_TRAFFIC_LIGHT_UART.X\main.c
                 __pa_153   0x002532    program     static E:\Library\download\Documents\HK221\DAMH_TKLL\drive-download-20220917T033142Z-001\PICKITMPLAB\DATKLL_TRAFFIC_LIGHT_UART.X\main.c
                 __pa_154   0x00253a    program     static E:\Library\download\Documents\HK221\DAMH_TKLL\drive-download-20220917T033142Z-001\PICKITMPLAB\DATKLL_TRAFFIC_LIGHT_UART.X\main.c
                 __pa_155   0x002540    program     static E:\Library\download\Documents\HK221\DAMH_TKLL\drive-download-20220917T033142Z-001\PICKITMPLAB\DATKLL_TRAFFIC_LIGHT_UART.X\main.c
                 __pa_156   0x002546    program     static E:\Library\download\Documents\HK221\DAMH_TKLL\drive-download-20220917T033142Z-001\PICKITMPLAB\DATKLL_TRAFFIC_LIGHT_UART.X\main.c
                  __pa_16   0x001dea    program     static E:\Library\download\Documents\HK221\DAMH_TKLL\drive-download-20220917T033142Z-001\PICKITMPLAB\DATKLL_TRAFFIC_LIGHT_UART.X\main.c
                  __pa_16   0x0031f4    program     static E:\Library\download\Documents\HK221\DAMH_TKLL\drive-download-20220917T033142Z-001\PICKITMPLAB\DATKLL_TRAFFIC_LIGHT_UART.X\button_matrix\output.c
                  __pa_16   0x002bf8    program     static E:\Library\download\Documents\HK221\DAMH_TKLL\drive-download-20220917T033142Z-001\PICKITMPLAB\DATKLL_TRAFFIC_LIGHT_UART.X\lcd\lcd.c
                  __pa_17   0x002c0a    program     static E:\Library\download\Documents\HK221\DAMH_TKLL\drive-download-20220917T033142Z-001\PICKITMPLAB\DATKLL_TRAFFIC_LIGHT_UART.X\lcd\lcd.c
                  __pa_17   0x003202    program     static E:\Library\download\Documents\HK221\DAMH_TKLL\drive-download-20220917T033142Z-001\PICKITMPLAB\DATKLL_TRAFFIC_LIGHT_UART.X\button_matrix\output.c
                  __pa_17   0x001df4    program     static E:\Library\download\Documents\HK221\DAMH_TKLL\drive-download-20220917T033142Z-001\PICKITMPLAB\DATKLL_TRAFFIC_LIGHT_UART.X\main.c
                  __pa_18   0x002c16    program     static E:\Library\download\Documents\HK221\DAMH_TKLL\drive-download-20220917T033142Z-001\PICKITMPLAB\DATKLL_TRAFFIC_LIGHT_UART.X\lcd\lcd.c
                  __pa_18   0x003210    program     static E:\Library\download\Documents\HK221\DAMH_TKLL\drive-download-20220917T033142Z-001\PICKITMPLAB\DATKLL_TRAFFIC_LIGHT_UART.X\button_matrix\output.c
                  __pa_18   0x001e34    program     static E:\Library\download\Documents\HK221\DAMH_TKLL\drive-download-20220917T033142Z-001\PICKITMPLAB\DATKLL_TRAFFIC_LIGHT_UART.X\main.c
                  __pa_19   0x001e3c    program     static E:\Library\download\Documents\HK221\DAMH_TKLL\drive-download-20220917T033142Z-001\PICKITMPLAB\DATKLL_TRAFFIC_LIGHT_UART.X\main.c
                  __pa_19   0x002c28    program     static E:\Library\download\Documents\HK221\DAMH_TKLL\drive-download-20220917T033142Z-001\PICKITMPLAB\DATKLL_TRAFFIC_LIGHT_UART.X\lcd\lcd.c
                  __pa_19   0x00321e    program     static E:\Library\download\Documents\HK221\DAMH_TKLL\drive-download-20220917T033142Z-001\PICKITMPLAB\DATKLL_TRAFFIC_LIGHT_UART.X\button_matrix\output.c
                   __pa_2   0x0041fa    program     static E:\Library\download\Documents\HK221\DAMH_TKLL\drive-download-20220917T033142Z-001\PICKITMPLAB\DATKLL_TRAFFIC_LIGHT_UART.X\interrupt\interrupt.c
                   __pa_2   0x00390e    program     static E:\Library\download\Documents\HK221\DAMH_TKLL\drive-download-20220917T033142Z-001\PICKITMPLAB\DATKLL_TRAFFIC_LIGHT_UART.X\button_matrix\seg7.c
                   __pa_2   0x001d06    program     static E:\Library\download\Documents\HK221\DAMH_TKLL\drive-download-20220917T033142Z-001\PICKITMPLAB\DATKLL_TRAFFIC_LIGHT_UART.X\main.c
                   __pa_2   0x0035aa    program     static E:\Library\download\Documents\HK221\DAMH_TKLL\drive-download-20220917T033142Z-001\PICKITMPLAB\DATKLL_TRAFFIC_LIGHT_UART.X\uart\uart.c
                   __pa_2   0x004020    program     static E:\Library\download\Documents\HK221\DAMH_TKLL\drive-download-20220917T033142Z-001\PICKITMPLAB\DATKLL_TRAFFIC_LIGHT_UART.X\button_matrix\button.c
                   __pa_2   0x00313e    program     static E:\Library\download\Documents\HK221\DAMH_TKLL\drive-download-20220917T033142Z-001\PICKITMPLAB\DATKLL_TRAFFIC_LIGHT_UART.X\button_matrix\output.c
                   __pa_2   0x003de6    program     static E:\Library\download\Documents\HK221\DAMH_TKLL\drive-download-20220917T033142Z-001\PICKITMPLAB\DATKLL_TRAFFIC_LIGHT_UART.X\timer\timer.c
                   __pa_2   0x002af4    program     static E:\Library\download\Documents\HK221\DAMH_TKLL\drive-download-20220917T033142Z-001\PICKITMPLAB\DATKLL_TRAFFIC_LIGHT_UART.X\lcd\lcd.c
                  __pa_20   0x001e48    program     static E:\Library\download\Documents\HK221\DAMH_TKLL\drive-download-20220917T033142Z-001\PICKITMPLAB\DATKLL_TRAFFIC_LIGHT_UART.X\main.c
                  __pa_20   0x002c3a    program     static E:\Library\download\Documents\HK221\DAMH_TKLL\drive-download-20220917T033142Z-001\PICKITMPLAB\DATKLL_TRAFFIC_LIGHT_UART.X\lcd\lcd.c
                  __pa_20   0x00322a    program     static E:\Library\download\Documents\HK221\DAMH_TKLL\drive-download-20220917T033142Z-001\PICKITMPLAB\DATKLL_TRAFFIC_LIGHT_UART.X\button_matrix\output.c
                  __pa_21   0x001e5a    program     static E:\Library\download\Documents\HK221\DAMH_TKLL\drive-download-20220917T033142Z-001\PICKITMPLAB\DATKLL_TRAFFIC_LIGHT_UART.X\main.c
                  __pa_21   0x002c44    program     static E:\Library\download\Documents\HK221\DAMH_TKLL\drive-download-20220917T033142Z-001\PICKITMPLAB\DATKLL_TRAFFIC_LIGHT_UART.X\lcd\lcd.c
                  __pa_21   0x00322e    program     static E:\Library\download\Documents\HK221\DAMH_TKLL\drive-download-20220917T033142Z-001\PICKITMPLAB\DATKLL_TRAFFIC_LIGHT_UART.X\button_matrix\output.c
                  __pa_22   0x002c4c    program     static E:\Library\download\Documents\HK221\DAMH_TKLL\drive-download-20220917T033142Z-001\PICKITMPLAB\DATKLL_TRAFFIC_LIGHT_UART.X\lcd\lcd.c
                  __pa_22   0x001e6c    program     static E:\Library\download\Documents\HK221\DAMH_TKLL\drive-download-20220917T033142Z-001\PICKITMPLAB\DATKLL_TRAFFIC_LIGHT_UART.X\main.c
                  __pa_22   0x00323a    program     static E:\Library\download\Documents\HK221\DAMH_TKLL\drive-download-20220917T033142Z-001\PICKITMPLAB\DATKLL_TRAFFIC_LIGHT_UART.X\button_matrix\output.c
                  __pa_23   0x001e7e    program     static E:\Library\download\Documents\HK221\DAMH_TKLL\drive-download-20220917T033142Z-001\PICKITMPLAB\DATKLL_TRAFFIC_LIGHT_UART.X\main.c
                  __pa_23   0x002c5a    program     static E:\Library\download\Documents\HK221\DAMH_TKLL\drive-download-20220917T033142Z-001\PICKITMPLAB\DATKLL_TRAFFIC_LIGHT_UART.X\lcd\lcd.c
                  __pa_23   0x003246    program     static E:\Library\download\Documents\HK221\DAMH_TKLL\drive-download-20220917T033142Z-001\PICKITMPLAB\DATKLL_TRAFFIC_LIGHT_UART.X\button_matrix\output.c
                  __pa_24   0x001ea0    program     static E:\Library\download\Documents\HK221\DAMH_TKLL\drive-download-20220917T033142Z-001\PICKITMPLAB\DATKLL_TRAFFIC_LIGHT_UART.X\main.c
                  __pa_24   0x003252    program     static E:\Library\download\Documents\HK221\DAMH_TKLL\drive-download-20220917T033142Z-001\PICKITMPLAB\DATKLL_TRAFFIC_LIGHT_UART.X\button_matrix\output.c
                  __pa_24   0x002c68    program     static E:\Library\download\Documents\HK221\DAMH_TKLL\drive-download-20220917T033142Z-001\PICKITMPLAB\DATKLL_TRAFFIC_LIGHT_UART.X\lcd\lcd.c
                  __pa_25   0x001ec2    program     static E:\Library\download\Documents\HK221\DAMH_TKLL\drive-download-20220917T033142Z-001\PICKITMPLAB\DATKLL_TRAFFIC_LIGHT_UART.X\main.c
                  __pa_25   0x002c76    program     static E:\Library\download\Documents\HK221\DAMH_TKLL\drive-download-20220917T033142Z-001\PICKITMPLAB\DATKLL_TRAFFIC_LIGHT_UART.X\lcd\lcd.c
                  __pa_25   0x00325e    program     static E:\Library\download\Documents\HK221\DAMH_TKLL\drive-download-20220917T033142Z-001\PICKITMPLAB\DATKLL_TRAFFIC_LIGHT_UART.X\button_matrix\output.c
                  __pa_26   0x002c80    program     static E:\Library\download\Documents\HK221\DAMH_TKLL\drive-download-20220917T033142Z-001\PICKITMPLAB\DATKLL_TRAFFIC_LIGHT_UART.X\lcd\lcd.c
                  __pa_26   0x003268    program     static E:\Library\download\Documents\HK221\DAMH_TKLL\drive-download-20220917T033142Z-001\PICKITMPLAB\DATKLL_TRAFFIC_LIGHT_UART.X\button_matrix\output.c
                  __pa_26   0x001ecc    program     static E:\Library\download\Documents\HK221\DAMH_TKLL\drive-download-20220917T033142Z-001\PICKITMPLAB\DATKLL_TRAFFIC_LIGHT_UART.X\main.c
                  __pa_27   0x002c92    program     static E:\Library\download\Documents\HK221\DAMH_TKLL\drive-download-20220917T033142Z-001\PICKITMPLAB\DATKLL_TRAFFIC_LIGHT_UART.X\lcd\lcd.c
                  __pa_27   0x001ee0    program     static E:\Library\download\Documents\HK221\DAMH_TKLL\drive-download-20220917T033142Z-001\PICKITMPLAB\DATKLL_TRAFFIC_LIGHT_UART.X\main.c
                  __pa_27   0x003270    program     static E:\Library\download\Documents\HK221\DAMH_TKLL\drive-download-20220917T033142Z-001\PICKITMPLAB\DATKLL_TRAFFIC_LIGHT_UART.X\button_matrix\output.c
                  __pa_28   0x002c9e    program     static E:\Library\download\Documents\HK221\DAMH_TKLL\drive-download-20220917T033142Z-001\PICKITMPLAB\DATKLL_TRAFFIC_LIGHT_UART.X\lcd\lcd.c
                  __pa_28   0x00327a    program     static E:\Library\download\Documents\HK221\DAMH_TKLL\drive-download-20220917T033142Z-001\PICKITMPLAB\DATKLL_TRAFFIC_LIGHT_UART.X\button_matrix\output.c
                  __pa_28   0x001ee4    program     static E:\Library\download\Documents\HK221\DAMH_TKLL\drive-download-20220917T033142Z-001\PICKITMPLAB\DATKLL_TRAFFIC_LIGHT_UART.X\main.c
                  __pa_29   0x002caa    program     static E:\Library\download\Documents\HK221\DAMH_TKLL\drive-download-20220917T033142Z-001\PICKITMPLAB\DATKLL_TRAFFIC_LIGHT_UART.X\lcd\lcd.c
                  __pa_29   0x001ef2    program     static E:\Library\download\Documents\HK221\DAMH_TKLL\drive-download-20220917T033142Z-001\PICKITMPLAB\DATKLL_TRAFFIC_LIGHT_UART.X\main.c
                  __pa_29   0x003280    program     static E:\Library\download\Documents\HK221\DAMH_TKLL\drive-download-20220917T033142Z-001\PICKITMPLAB\DATKLL_TRAFFIC_LIGHT_UART.X\button_matrix\output.c
                   __pa_3   0x002b02    program     static E:\Library\download\Documents\HK221\DAMH_TKLL\drive-download-20220917T033142Z-001\PICKITMPLAB\DATKLL_TRAFFIC_LIGHT_UART.X\lcd\lcd.c
                   __pa_3   0x003dee    program     static E:\Library\download\Documents\HK221\DAMH_TKLL\drive-download-20220917T033142Z-001\PICKITMPLAB\DATKLL_TRAFFIC_LIGHT_UART.X\timer\timer.c
                   __pa_3   0x003148    program     static E:\Library\download\Documents\HK221\DAMH_TKLL\drive-download-20220917T033142Z-001\PICKITMPLAB\DATKLL_TRAFFIC_LIGHT_UART.X\button_matrix\output.c
                   __pa_3   0x004208    program     static E:\Library\download\Documents\HK221\DAMH_TKLL\drive-download-20220917T033142Z-001\PICKITMPLAB\DATKLL_TRAFFIC_LIGHT_UART.X\interrupt\interrupt.c
                   __pa_3   0x0035b4    program     static E:\Library\download\Documents\HK221\DAMH_TKLL\drive-download-20220917T033142Z-001\PICKITMPLAB\DATKLL_TRAFFIC_LIGHT_UART.X\uart\uart.c
                   __pa_3   0x004032    program     static E:\Library\download\Documents\HK221\DAMH_TKLL\drive-download-20220917T033142Z-001\PICKITMPLAB\DATKLL_TRAFFIC_LIGHT_UART.X\button_matrix\button.c
                   __pa_3   0x00391c    program     static E:\Library\download\Documents\HK221\DAMH_TKLL\drive-download-20220917T033142Z-001\PICKITMPLAB\DATKLL_TRAFFIC_LIGHT_UART.X\button_matrix\seg7.c
                   __pa_3   0x001d0c    program     static E:\Library\download\Documents\HK221\DAMH_TKLL\drive-download-20220917T033142Z-001\PICKITMPLAB\DATKLL_TRAFFIC_LIGHT_UART.X\main.c
                  __pa_30   0x001f00    program     static E:\Library\download\Documents\HK221\DAMH_TKLL\drive-download-20220917T033142Z-001\PICKITMPLAB\DATKLL_TRAFFIC_LIGHT_UART.X\main.c
                  __pa_30   0x002cb6    program     static E:\Library\download\Documents\HK221\DAMH_TKLL\drive-download-20220917T033142Z-001\PICKITMPLAB\DATKLL_TRAFFIC_LIGHT_UART.X\lcd\lcd.c
                  __pa_30   0x00328a    program     static E:\Library\download\Documents\HK221\DAMH_TKLL\drive-download-20220917T033142Z-001\PICKITMPLAB\DATKLL_TRAFFIC_LIGHT_UART.X\button_matrix\output.c
                  __pa_31   0x003294    program     static E:\Library\download\Documents\HK221\DAMH_TKLL\drive-download-20220917T033142Z-001\PICKITMPLAB\DATKLL_TRAFFIC_LIGHT_UART.X\button_matrix\output.c
                  __pa_31   0x001f0a    program     static E:\Library\download\Documents\HK221\DAMH_TKLL\drive-download-20220917T033142Z-001\PICKITMPLAB\DATKLL_TRAFFIC_LIGHT_UART.X\main.c
                  __pa_31   0x002cc0    program     static E:\Library\download\Documents\HK221\DAMH_TKLL\drive-download-20220917T033142Z-001\PICKITMPLAB\DATKLL_TRAFFIC_LIGHT_UART.X\lcd\lcd.c
                  __pa_32   0x00329e    program     static E:\Library\download\Documents\HK221\DAMH_TKLL\drive-download-20220917T033142Z-001\PICKITMPLAB\DATKLL_TRAFFIC_LIGHT_UART.X\button_matrix\output.c
                  __pa_32   0x001f12    program     static E:\Library\download\Documents\HK221\DAMH_TKLL\drive-download-20220917T033142Z-001\PICKITMPLAB\DATKLL_TRAFFIC_LIGHT_UART.X\main.c
                  __pa_32   0x002cd2    program     static E:\Library\download\Documents\HK221\DAMH_TKLL\drive-download-20220917T033142Z-001\PICKITMPLAB\DATKLL_TRAFFIC_LIGHT_UART.X\lcd\lcd.c
                  __pa_33   0x0032ac    program     static E:\Library\download\Documents\HK221\DAMH_TKLL\drive-download-20220917T033142Z-001\PICKITMPLAB\DATKLL_TRAFFIC_LIGHT_UART.X\button_matrix\output.c
                  __pa_33   0x001f24    program     static E:\Library\download\Documents\HK221\DAMH_TKLL\drive-download-20220917T033142Z-001\PICKITMPLAB\DATKLL_TRAFFIC_LIGHT_UART.X\main.c
                  __pa_33   0x002ce8    program     static E:\Library\download\Documents\HK221\DAMH_TKLL\drive-download-20220917T033142Z-001\PICKITMPLAB\DATKLL_TRAFFIC_LIGHT_UART.X\lcd\lcd.c
                  __pa_34   0x001f32    program     static E:\Library\download\Documents\HK221\DAMH_TKLL\drive-download-20220917T033142Z-001\PICKITMPLAB\DATKLL_TRAFFIC_LIGHT_UART.X\main.c
                  __pa_34   0x002cfe    program     static E:\Library\download\Documents\HK221\DAMH_TKLL\drive-download-20220917T033142Z-001\PICKITMPLAB\DATKLL_TRAFFIC_LIGHT_UART.X\lcd\lcd.c
                  __pa_34   0x0032b2    program     static E:\Library\download\Documents\HK221\DAMH_TKLL\drive-download-20220917T033142Z-001\PICKITMPLAB\DATKLL_TRAFFIC_LIGHT_UART.X\button_matrix\output.c
                  __pa_35   0x002d06    program     static E:\Library\download\Documents\HK221\DAMH_TKLL\drive-download-20220917T033142Z-001\PICKITMPLAB\DATKLL_TRAFFIC_LIGHT_UART.X\lcd\lcd.c
                  __pa_35   0x0032ba    program     static E:\Library\download\Documents\HK221\DAMH_TKLL\drive-download-20220917T033142Z-001\PICKITMPLAB\DATKLL_TRAFFIC_LIGHT_UART.X\button_matrix\output.c
                  __pa_35   0x001f3e    program     static E:\Library\download\Documents\HK221\DAMH_TKLL\drive-download-20220917T033142Z-001\PICKITMPLAB\DATKLL_TRAFFIC_LIGHT_UART.X\main.c
                  __pa_36   0x002d10    program     static E:\Library\download\Documents\HK221\DAMH_TKLL\drive-download-20220917T033142Z-001\PICKITMPLAB\DATKLL_TRAFFIC_LIGHT_UART.X\lcd\lcd.c
                  __pa_36   0x0032c2    program     static E:\Library\download\Documents\HK221\DAMH_TKLL\drive-download-20220917T033142Z-001\PICKITMPLAB\DATKLL_TRAFFIC_LIGHT_UART.X\button_matrix\output.c
                  __pa_36   0x001f60    program     static E:\Library\download\Documents\HK221\DAMH_TKLL\drive-download-20220917T033142Z-001\PICKITMPLAB\DATKLL_TRAFFIC_LIGHT_UART.X\main.c
                  __pa_37   0x001f82    program     static E:\Library\download\Documents\HK221\DAMH_TKLL\drive-download-20220917T033142Z-001\PICKITMPLAB\DATKLL_TRAFFIC_LIGHT_UART.X\main.c
                  __pa_37   0x002d1e    program     static E:\Library\download\Documents\HK221\DAMH_TKLL\drive-download-20220917T033142Z-001\PICKITMPLAB\DATKLL_TRAFFIC_LIGHT_UART.X\lcd\lcd.c
                  __pa_37   0x0032ca    program     static E:\Library\download\Documents\HK221\DAMH_TKLL\drive-download-20220917T033142Z-001\PICKITMPLAB\DATKLL_TRAFFIC_LIGHT_UART.X\button_matrix\output.c
                  __pa_38   0x002d28    program     static E:\Library\download\Documents\HK221\DAMH_TKLL\drive-download-20220917T033142Z-001\PICKITMPLAB\DATKLL_TRAFFIC_LIGHT_UART.X\lcd\lcd.c
                  __pa_38   0x001f8c    program     static E:\Library\download\Documents\HK221\DAMH_TKLL\drive-download-20220917T033142Z-001\PICKITMPLAB\DATKLL_TRAFFIC_LIGHT_UART.X\main.c
                  __pa_38   0x0032d0    program     static E:\Library\download\Documents\HK221\DAMH_TKLL\drive-download-20220917T033142Z-001\PICKITMPLAB\DATKLL_TRAFFIC_LIGHT_UART.X\button_matrix\output.c
                  __pa_39   0x002d3a    program     static E:\Library\download\Documents\HK221\DAMH_TKLL\drive-download-20220917T033142Z-001\PICKITMPLAB\DATKLL_TRAFFIC_LIGHT_UART.X\lcd\lcd.c
                  __pa_39   0x001fa0    program     static E:\Library\download\Documents\HK221\DAMH_TKLL\drive-download-20220917T033142Z-001\PICKITMPLAB\DATKLL_TRAFFIC_LIGHT_UART.X\main.c
                   __pa_4   0x002b0c    program     static E:\Library\download\Documents\HK221\DAMH_TKLL\drive-download-20220917T033142Z-001\PICKITMPLAB\DATKLL_TRAFFIC_LIGHT_UART.X\lcd\lcd.c
                   __pa_4   0x003df6    program     static E:\Library\download\Documents\HK221\DAMH_TKLL\drive-download-20220917T033142Z-001\PICKITMPLAB\DATKLL_TRAFFIC_LIGHT_UART.X\timer\timer.c
                   __pa_4   0x003156    program     static E:\Library\download\Documents\HK221\DAMH_TKLL\drive-download-20220917T033142Z-001\PICKITMPLAB\DATKLL_TRAFFIC_LIGHT_UART.X\button_matrix\output.c
                   __pa_4   0x004216    program     static E:\Library\download\Documents\HK221\DAMH_TKLL\drive-download-20220917T033142Z-001\PICKITMPLAB\DATKLL_TRAFFIC_LIGHT_UART.X\interrupt\interrupt.c
                   __pa_4   0x00404a    program     static E:\Library\download\Documents\HK221\DAMH_TKLL\drive-download-20220917T033142Z-001\PICKITMPLAB\DATKLL_TRAFFIC_LIGHT_UART.X\button_matrix\button.c
                   __pa_4   0x0035bc    program     static E:\Library\download\Documents\HK221\DAMH_TKLL\drive-download-20220917T033142Z-001\PICKITMPLAB\DATKLL_TRAFFIC_LIGHT_UART.X\uart\uart.c
                   __pa_4   0x00392a    program     static E:\Library\download\Documents\HK221\DAMH_TKLL\drive-download-20220917T033142Z-001\PICKITMPLAB\DATKLL_TRAFFIC_LIGHT_UART.X\button_matrix\seg7.c
                   __pa_4   0x001d16    program     static E:\Library\download\Documents\HK221\DAMH_TKLL\drive-download-20220917T033142Z-001\PICKITMPLAB\DATKLL_TRAFFIC_LIGHT_UART.X\main.c
                  __pa_40   0x002d4c    program     static E:\Library\download\Documents\HK221\DAMH_TKLL\drive-download-20220917T033142Z-001\PICKITMPLAB\DATKLL_TRAFFIC_LIGHT_UART.X\lcd\lcd.c
                  __pa_40   0x001fb4    program     static E:\Library\download\Documents\HK221\DAMH_TKLL\drive-download-20220917T033142Z-001\PICKITMPLAB\DATKLL_TRAFFIC_LIGHT_UART.X\main.c
                  __pa_41   0x002d5e    program     static E:\Library\download\Documents\HK221\DAMH_TKLL\drive-download-20220917T033142Z-001\PICKITMPLAB\DATKLL_TRAFFIC_LIGHT_UART.X\lcd\lcd.c
                  __pa_41   0x001fc8    program     static E:\Library\download\Documents\HK221\DAMH_TKLL\drive-download-20220917T033142Z-001\PICKITMPLAB\DATKLL_TRAFFIC_LIGHT_UART.X\main.c
                  __pa_42   0x002d68    program     static E:\Library\download\Documents\HK221\DAMH_TKLL\drive-download-20220917T033142Z-001\PICKITMPLAB\DATKLL_TRAFFIC_LIGHT_UART.X\lcd\lcd.c
                  __pa_42   0x001fdc    program     static E:\Library\download\Documents\HK221\DAMH_TKLL\drive-download-20220917T033142Z-001\PICKITMPLAB\DATKLL_TRAFFIC_LIGHT_UART.X\main.c
                  __pa_43   0x002d72    program     static E:\Library\download\Documents\HK221\DAMH_TKLL\drive-download-20220917T033142Z-001\PICKITMPLAB\DATKLL_TRAFFIC_LIGHT_UART.X\lcd\lcd.c
                  __pa_43   0x001fe6    program     static E:\Library\download\Documents\HK221\DAMH_TKLL\drive-download-20220917T033142Z-001\PICKITMPLAB\DATKLL_TRAFFIC_LIGHT_UART.X\main.c
                  __pa_44   0x002d78    program     static E:\Library\download\Documents\HK221\DAMH_TKLL\drive-download-20220917T033142Z-001\PICKITMPLAB\DATKLL_TRAFFIC_LIGHT_UART.X\lcd\lcd.c
                  __pa_44   0x001ff6    program     static E:\Library\download\Documents\HK221\DAMH_TKLL\drive-download-20220917T033142Z-001\PICKITMPLAB\DATKLL_TRAFFIC_LIGHT_UART.X\main.c
                  __pa_45   0x002d84    program     static E:\Library\download\Documents\HK221\DAMH_TKLL\drive-download-20220917T033142Z-001\PICKITMPLAB\DATKLL_TRAFFIC_LIGHT_UART.X\lcd\lcd.c
                  __pa_45   0x002008    program     static E:\Library\download\Documents\HK221\DAMH_TKLL\drive-download-20220917T033142Z-001\PICKITMPLAB\DATKLL_TRAFFIC_LIGHT_UART.X\main.c
                  __pa_46   0x002d90    program     static E:\Library\download\Documents\HK221\DAMH_TKLL\drive-download-20220917T033142Z-001\PICKITMPLAB\DATKLL_TRAFFIC_LIGHT_UART.X\lcd\lcd.c
                  __pa_46   0x00201a    program     static E:\Library\download\Documents\HK221\DAMH_TKLL\drive-download-20220917T033142Z-001\PICKITMPLAB\DATKLL_TRAFFIC_LIGHT_UART.X\main.c
                  __pa_47   0x002d98    program     static E:\Library\download\Documents\HK221\DAMH_TKLL\drive-download-20220917T033142Z-001\PICKITMPLAB\DATKLL_TRAFFIC_LIGHT_UART.X\lcd\lcd.c
                  __pa_47   0x00202c    program     static E:\Library\download\Documents\HK221\DAMH_TKLL\drive-download-20220917T033142Z-001\PICKITMPLAB\DATKLL_TRAFFIC_LIGHT_UART.X\main.c
                  __pa_48   0x00203e    program     static E:\Library\download\Documents\HK221\DAMH_TKLL\drive-download-20220917T033142Z-001\PICKITMPLAB\DATKLL_TRAFFIC_LIGHT_UART.X\main.c
                  __pa_48   0x002da0    program     static E:\Library\download\Documents\HK221\DAMH_TKLL\drive-download-20220917T033142Z-001\PICKITMPLAB\DATKLL_TRAFFIC_LIGHT_UART.X\lcd\lcd.c
                  __pa_49   0x002050    program     static E:\Library\download\Documents\HK221\DAMH_TKLL\drive-download-20220917T033142Z-001\PICKITMPLAB\DATKLL_TRAFFIC_LIGHT_UART.X\main.c
                   __pa_5   0x002b14    program     static E:\Library\download\Documents\HK221\DAMH_TKLL\drive-download-20220917T033142Z-001\PICKITMPLAB\DATKLL_TRAFFIC_LIGHT_UART.X\lcd\lcd.c
                   __pa_5   0x003e06    program     static E:\Library\download\Documents\HK221\DAMH_TKLL\drive-download-20220917T033142Z-001\PICKITMPLAB\DATKLL_TRAFFIC_LIGHT_UART.X\timer\timer.c
                   __pa_5   0x001d2c    program     static E:\Library\download\Documents\HK221\DAMH_TKLL\drive-download-20220917T033142Z-001\PICKITMPLAB\DATKLL_TRAFFIC_LIGHT_UART.X\main.c
                   __pa_5   0x003164    program     static E:\Library\download\Documents\HK221\DAMH_TKLL\drive-download-20220917T033142Z-001\PICKITMPLAB\DATKLL_TRAFFIC_LIGHT_UART.X\button_matrix\output.c
                   __pa_5   0x004224    program     static E:\Library\download\Documents\HK221\DAMH_TKLL\drive-download-20220917T033142Z-001\PICKITMPLAB\DATKLL_TRAFFIC_LIGHT_UART.X\interrupt\interrupt.c
                   __pa_5   0x0035ca    program     static E:\Library\download\Documents\HK221\DAMH_TKLL\drive-download-20220917T033142Z-001\PICKITMPLAB\DATKLL_TRAFFIC_LIGHT_UART.X\uart\uart.c
                   __pa_5   0x00405c    program     static E:\Library\download\Documents\HK221\DAMH_TKLL\drive-download-20220917T033142Z-001\PICKITMPLAB\DATKLL_TRAFFIC_LIGHT_UART.X\button_matrix\button.c
                   __pa_5   0x003934    program     static E:\Library\download\Documents\HK221\DAMH_TKLL\drive-download-20220917T033142Z-001\PICKITMPLAB\DATKLL_TRAFFIC_LIGHT_UART.X\button_matrix\seg7.c
                  __pa_50   0x002062    program     static E:\Library\download\Documents\HK221\DAMH_TKLL\drive-download-20220917T033142Z-001\PICKITMPLAB\DATKLL_TRAFFIC_LIGHT_UART.X\main.c
                  __pa_51   0x002074    program     static E:\Library\download\Documents\HK221\DAMH_TKLL\drive-download-20220917T033142Z-001\PICKITMPLAB\DATKLL_TRAFFIC_LIGHT_UART.X\main.c
                  __pa_52   0x002086    program     static E:\Library\download\Documents\HK221\DAMH_TKLL\drive-download-20220917T033142Z-001\PICKITMPLAB\DATKLL_TRAFFIC_LIGHT_UART.X\main.c
                  __pa_53   0x002098    program     static E:\Library\download\Documents\HK221\DAMH_TKLL\drive-download-20220917T033142Z-001\PICKITMPLAB\DATKLL_TRAFFIC_LIGHT_UART.X\main.c
                  __pa_54   0x0020aa    program     static E:\Library\download\Documents\HK221\DAMH_TKLL\drive-download-20220917T033142Z-001\PICKITMPLAB\DATKLL_TRAFFIC_LIGHT_UART.X\main.c
                  __pa_55   0x0020b8    program     static E:\Library\download\Documents\HK221\DAMH_TKLL\drive-download-20220917T033142Z-001\PICKITMPLAB\DATKLL_TRAFFIC_LIGHT_UART.X\main.c
                  __pa_56   0x0020cc    program     static E:\Library\download\Documents\HK221\DAMH_TKLL\drive-download-20220917T033142Z-001\PICKITMPLAB\DATKLL_TRAFFIC_LIGHT_UART.X\main.c
                  __pa_57   0x0020d6    program     static E:\Library\download\Documents\HK221\DAMH_TKLL\drive-download-20220917T033142Z-001\PICKITMPLAB\DATKLL_TRAFFIC_LIGHT_UART.X\main.c
                  __pa_58   0x0020de    program     static E:\Library\download\Documents\HK221\DAMH_TKLL\drive-download-20220917T033142Z-001\PICKITMPLAB\DATKLL_TRAFFIC_LIGHT_UART.X\main.c
                  __pa_59   0x0020e6    program     static E:\Library\download\Documents\HK221\DAMH_TKLL\drive-download-20220917T033142Z-001\PICKITMPLAB\DATKLL_TRAFFIC_LIGHT_UART.X\main.c
                   __pa_6   0x001d3c    program     static E:\Library\download\Documents\HK221\DAMH_TKLL\drive-download-20220917T033142Z-001\PICKITMPLAB\DATKLL_TRAFFIC_LIGHT_UART.X\main.c
                   __pa_6   0x003e16    program     static E:\Library\download\Documents\HK221\DAMH_TKLL\drive-download-20220917T033142Z-001\PICKITMPLAB\DATKLL_TRAFFIC_LIGHT_UART.X\timer\timer.c
                   __pa_6   0x00393c    program     static E:\Library\download\Documents\HK221\DAMH_TKLL\drive-download-20220917T033142Z-001\PICKITMPLAB\DATKLL_TRAFFIC_LIGHT_UART.X\button_matrix\seg7.c
                   __pa_6   0x004076    program     static E:\Library\download\Documents\HK221\DAMH_TKLL\drive-download-20220917T033142Z-001\PICKITMPLAB\DATKLL_TRAFFIC_LIGHT_UART.X\button_matrix\button.c
                   __pa_6   0x003176    program     static E:\Library\download\Documents\HK221\DAMH_TKLL\drive-download-20220917T033142Z-001\PICKITMPLAB\DATKLL_TRAFFIC_LIGHT_UART.X\button_matrix\output.c
                   __pa_6   0x0035d2    program     static E:\Library\download\Documents\HK221\DAMH_TKLL\drive-download-20220917T033142Z-001\PICKITMPLAB\DATKLL_TRAFFIC_LIGHT_UART.X\uart\uart.c
                   __pa_6   0x002b1e    program     static E:\Library\download\Documents\HK221\DAMH_TKLL\drive-download-20220917T033142Z-001\PICKITMPLAB\DATKLL_TRAFFIC_LIGHT_UART.X\lcd\lcd.c
                  __pa_60   0x0020ee    program     static E:\Library\download\Documents\HK221\DAMH_TKLL\drive-download-20220917T033142Z-001\PICKITMPLAB\DATKLL_TRAFFIC_LIGHT_UART.X\main.c
                  __pa_61   0x0020f6    program     static E:\Library\download\Documents\HK221\DAMH_TKLL\drive-download-20220917T033142Z-001\PICKITMPLAB\DATKLL_TRAFFIC_LIGHT_UART.X\main.c
                  __pa_62   0x002108    program     static E:\Library\download\Documents\HK221\DAMH_TKLL\drive-download-20220917T033142Z-001\PICKITMPLAB\DATKLL_TRAFFIC_LIGHT_UART.X\main.c
                  __pa_63   0x00211a    program     static E:\Library\download\Documents\HK221\DAMH_TKLL\drive-download-20220917T033142Z-001\PICKITMPLAB\DATKLL_TRAFFIC_LIGHT_UART.X\main.c
                  __pa_64   0x002126    program     static E:\Library\download\Documents\HK221\DAMH_TKLL\drive-download-20220917T033142Z-001\PICKITMPLAB\DATKLL_TRAFFIC_LIGHT_UART.X\main.c
                  __pa_65   0x00212c    program     static E:\Library\download\Documents\HK221\DAMH_TKLL\drive-download-20220917T033142Z-001\PICKITMPLAB\DATKLL_TRAFFIC_LIGHT_UART.X\main.c
                  __pa_66   0x002132    program     static E:\Library\download\Documents\HK221\DAMH_TKLL\drive-download-20220917T033142Z-001\PICKITMPLAB\DATKLL_TRAFFIC_LIGHT_UART.X\main.c
                  __pa_67   0x002138    program     static E:\Library\download\Documents\HK221\DAMH_TKLL\drive-download-20220917T033142Z-001\PICKITMPLAB\DATKLL_TRAFFIC_LIGHT_UART.X\main.c
                  __pa_68   0x00214a    program     static E:\Library\download\Documents\HK221\DAMH_TKLL\drive-download-20220917T033142Z-001\PICKITMPLAB\DATKLL_TRAFFIC_LIGHT_UART.X\main.c
                  __pa_69   0x002156    program     static E:\Library\download\Documents\HK221\DAMH_TKLL\drive-download-20220917T033142Z-001\PICKITMPLAB\DATKLL_TRAFFIC_LIGHT_UART.X\main.c
                   __pa_7   0x003e24    program     static E:\Library\download\Documents\HK221\DAMH_TKLL\drive-download-20220917T033142Z-001\PICKITMPLAB\DATKLL_TRAFFIC_LIGHT_UART.X\timer\timer.c
                   __pa_7   0x0035e4    program     static E:\Library\download\Documents\HK221\DAMH_TKLL\drive-download-20220917T033142Z-001\PICKITMPLAB\DATKLL_TRAFFIC_LIGHT_UART.X\uart\uart.c
                   __pa_7   0x002b30    program     static E:\Library\download\Documents\HK221\DAMH_TKLL\drive-download-20220917T033142Z-001\PICKITMPLAB\DATKLL_TRAFFIC_LIGHT_UART.X\lcd\lcd.c
                   __pa_7   0x003184    program     static E:\Library\download\Documents\HK221\DAMH_TKLL\drive-download-20220917T033142Z-001\PICKITMPLAB\DATKLL_TRAFFIC_LIGHT_UART.X\button_matrix\output.c
                   __pa_7   0x004080    program     static E:\Library\download\Documents\HK221\DAMH_TKLL\drive-download-20220917T033142Z-001\PICKITMPLAB\DATKLL_TRAFFIC_LIGHT_UART.X\button_matrix\button.c
                   __pa_7   0x001d48    program     static E:\Library\download\Documents\HK221\DAMH_TKLL\drive-download-20220917T033142Z-001\PICKITMPLAB\DATKLL_TRAFFIC_LIGHT_UART.X\main.c
                  __pa_70   0x002160    program     static E:\Library\download\Documents\HK221\DAMH_TKLL\drive-download-20220917T033142Z-001\PICKITMPLAB\DATKLL_TRAFFIC_LIGHT_UART.X\main.c
                  __pa_71   0x00216e    program     static E:\Library\download\Documents\HK221\DAMH_TKLL\drive-download-20220917T033142Z-001\PICKITMPLAB\DATKLL_TRAFFIC_LIGHT_UART.X\main.c
                  __pa_72   0x00217c    program     static E:\Library\download\Documents\HK221\DAMH_TKLL\drive-download-20220917T033142Z-001\PICKITMPLAB\DATKLL_TRAFFIC_LIGHT_UART.X\main.c
                  __pa_73   0x00218a    program     static E:\Library\download\Documents\HK221\DAMH_TKLL\drive-download-20220917T033142Z-001\PICKITMPLAB\DATKLL_TRAFFIC_LIGHT_UART.X\main.c
                  __pa_74   0x002198    program     static E:\Library\download\Documents\HK221\DAMH_TKLL\drive-download-20220917T033142Z-001\PICKITMPLAB\DATKLL_TRAFFIC_LIGHT_UART.X\main.c
                  __pa_75   0x0021a6    program     static E:\Library\download\Documents\HK221\DAMH_TKLL\drive-download-20220917T033142Z-001\PICKITMPLAB\DATKLL_TRAFFIC_LIGHT_UART.X\main.c
                  __pa_76   0x0021b4    program     static E:\Library\download\Documents\HK221\DAMH_TKLL\drive-download-20220917T033142Z-001\PICKITMPLAB\DATKLL_TRAFFIC_LIGHT_UART.X\main.c
                  __pa_77   0x0021c2    program     static E:\Library\download\Documents\HK221\DAMH_TKLL\drive-download-20220917T033142Z-001\PICKITMPLAB\DATKLL_TRAFFIC_LIGHT_UART.X\main.c
                  __pa_78   0x0021cc    program     static E:\Library\download\Documents\HK221\DAMH_TKLL\drive-download-20220917T033142Z-001\PICKITMPLAB\DATKLL_TRAFFIC_LIGHT_UART.X\main.c
                  __pa_79   0x0021d6    program     static E:\Library\download\Documents\HK221\DAMH_TKLL\drive-download-20220917T033142Z-001\PICKITMPLAB\DATKLL_TRAFFIC_LIGHT_UART.X\main.c
                   __pa_8   0x001d56    program     static E:\Library\download\Documents\HK221\DAMH_TKLL\drive-download-20220917T033142Z-001\PICKITMPLAB\DATKLL_TRAFFIC_LIGHT_UART.X\main.c
                   __pa_8   0x002b4e    program     static E:\Library\download\Documents\HK221\DAMH_TKLL\drive-download-20220917T033142Z-001\PICKITMPLAB\DATKLL_TRAFFIC_LIGHT_UART.X\lcd\lcd.c
                   __pa_8   0x0035f6    program     static E:\Library\download\Documents\HK221\DAMH_TKLL\drive-download-20220917T033142Z-001\PICKITMPLAB\DATKLL_TRAFFIC_LIGHT_UART.X\uart\uart.c
                   __pa_8   0x004088    program     static E:\Library\download\Documents\HK221\DAMH_TKLL\drive-download-20220917T033142Z-001\PICKITMPLAB\DATKLL_TRAFFIC_LIGHT_UART.X\button_matrix\button.c
                   __pa_8   0x003192    program     static E:\Library\download\Documents\HK221\DAMH_TKLL\drive-download-20220917T033142Z-001\PICKITMPLAB\DATKLL_TRAFFIC_LIGHT_UART.X\button_matrix\output.c
                   __pa_8   0x003e32    program     static E:\Library\download\Documents\HK221\DAMH_TKLL\drive-download-20220917T033142Z-001\PICKITMPLAB\DATKLL_TRAFFIC_LIGHT_UART.X\timer\timer.c
                  __pa_80   0x0021e0    program     static E:\Library\download\Documents\HK221\DAMH_TKLL\drive-download-20220917T033142Z-001\PICKITMPLAB\DATKLL_TRAFFIC_LIGHT_UART.X\main.c
                  __pa_81   0x0021ea    program     static E:\Library\download\Documents\HK221\DAMH_TKLL\drive-download-20220917T033142Z-001\PICKITMPLAB\DATKLL_TRAFFIC_LIGHT_UART.X\main.c
                  __pa_82   0x0021f2    program     static E:\Library\download\Documents\HK221\DAMH_TKLL\drive-download-20220917T033142Z-001\PICKITMPLAB\DATKLL_TRAFFIC_LIGHT_UART.X\main.c
                  __pa_83   0x0021fc    program     static E:\Library\download\Documents\HK221\DAMH_TKLL\drive-download-20220917T033142Z-001\PICKITMPLAB\DATKLL_TRAFFIC_LIGHT_UART.X\main.c
                  __pa_84   0x002212    program     static E:\Library\download\Documents\HK221\DAMH_TKLL\drive-download-20220917T033142Z-001\PICKITMPLAB\DATKLL_TRAFFIC_LIGHT_UART.X\main.c
                  __pa_85   0x002218    program     static E:\Library\download\Documents\HK221\DAMH_TKLL\drive-download-20220917T033142Z-001\PICKITMPLAB\DATKLL_TRAFFIC_LIGHT_UART.X\main.c
                  __pa_86   0x00221e    program     static E:\Library\download\Documents\HK221\DAMH_TKLL\drive-download-20220917T033142Z-001\PICKITMPLAB\DATKLL_TRAFFIC_LIGHT_UART.X\main.c
                  __pa_87   0x00222c    program     static E:\Library\download\Documents\HK221\DAMH_TKLL\drive-download-20220917T033142Z-001\PICKITMPLAB\DATKLL_TRAFFIC_LIGHT_UART.X\main.c
                  __pa_88   0x002234    program     static E:\Library\download\Documents\HK221\DAMH_TKLL\drive-download-20220917T033142Z-001\PICKITMPLAB\DATKLL_TRAFFIC_LIGHT_UART.X\main.c
                  __pa_89   0x00223e    program     static E:\Library\download\Documents\HK221\DAMH_TKLL\drive-download-20220917T033142Z-001\PICKITMPLAB\DATKLL_TRAFFIC_LIGHT_UART.X\main.c
                   __pa_9   0x002b54    program     static E:\Library\download\Documents\HK221\DAMH_TKLL\drive-download-20220917T033142Z-001\PICKITMPLAB\DATKLL_TRAFFIC_LIGHT_UART.X\lcd\lcd.c
                   __pa_9   0x0031ac    program     static E:\Library\download\Documents\HK221\DAMH_TKLL\drive-download-20220917T033142Z-001\PICKITMPLAB\DATKLL_TRAFFIC_LIGHT_UART.X\button_matrix\output.c
                   __pa_9   0x003608    program     static E:\Library\download\Documents\HK221\DAMH_TKLL\drive-download-20220917T033142Z-001\PICKITMPLAB\DATKLL_TRAFFIC_LIGHT_UART.X\uart\uart.c
                   __pa_9   0x003e40    program     static E:\Library\download\Documents\HK221\DAMH_TKLL\drive-download-20220917T033142Z-001\PICKITMPLAB\DATKLL_TRAFFIC_LIGHT_UART.X\timer\timer.c
                   __pa_9   0x001d64    program     static E:\Library\download\Documents\HK221\DAMH_TKLL\drive-download-20220917T033142Z-001\PICKITMPLAB\DATKLL_TRAFFIC_LIGHT_UART.X\main.c
                   __pa_9   0x004092    program     static E:\Library\download\Documents\HK221\DAMH_TKLL\drive-download-20220917T033142Z-001\PICKITMPLAB\DATKLL_TRAFFIC_LIGHT_UART.X\button_matrix\button.c
                  __pa_90   0x00224c    program     static E:\Library\download\Documents\HK221\DAMH_TKLL\drive-download-20220917T033142Z-001\PICKITMPLAB\DATKLL_TRAFFIC_LIGHT_UART.X\main.c
                  __pa_91   0x002272    program     static E:\Library\download\Documents\HK221\DAMH_TKLL\drive-download-20220917T033142Z-001\PICKITMPLAB\DATKLL_TRAFFIC_LIGHT_UART.X\main.c
                  __pa_92   0x00227e    program     static E:\Library\download\Documents\HK221\DAMH_TKLL\drive-download-20220917T033142Z-001\PICKITMPLAB\DATKLL_TRAFFIC_LIGHT_UART.X\main.c
                  __pa_93   0x002294    program     static E:\Library\download\Documents\HK221\DAMH_TKLL\drive-download-20220917T033142Z-001\PICKITMPLAB\DATKLL_TRAFFIC_LIGHT_UART.X\main.c
                  __pa_94   0x00229c    program     static E:\Library\download\Documents\HK221\DAMH_TKLL\drive-download-20220917T033142Z-001\PICKITMPLAB\DATKLL_TRAFFIC_LIGHT_UART.X\main.c
                  __pa_95   0x0022a6    program     static E:\Library\download\Documents\HK221\DAMH_TKLL\drive-download-20220917T033142Z-001\PICKITMPLAB\DATKLL_TRAFFIC_LIGHT_UART.X\main.c
                  __pa_96   0x0022c6    program     static E:\Library\download\Documents\HK221\DAMH_TKLL\drive-download-20220917T033142Z-001\PICKITMPLAB\DATKLL_TRAFFIC_LIGHT_UART.X\main.c
                  __pa_97   0x0022e0    program     static E:\Library\download\Documents\HK221\DAMH_TKLL\drive-download-20220917T033142Z-001\PICKITMPLAB\DATKLL_TRAFFIC_LIGHT_UART.X\main.c
                  __pa_98   0x0022f2    program     static E:\Library\download\Documents\HK221\DAMH_TKLL\drive-download-20220917T033142Z-001\PICKITMPLAB\DATKLL_TRAFFIC_LIGHT_UART.X\main.c
                  __pa_99   0x0022fc    program     static E:\Library\download\Documents\HK221\DAMH_TKLL\drive-download-20220917T033142Z-001\PICKITMPLAB\DATKLL_TRAFFIC_LIGHT_UART.X\main.c
               __string_0   0x003bbd    program     static E:\Library\download\Documents\HK221\DAMH_TKLL\drive-download-20220917T033142Z-001\PICKITMPLAB\DATKLL_TRAFFIC_LIGHT_UART.X\main.c
               __string_0   0x003beb    program     static E:\Library\download\Documents\HK221\DAMH_TKLL\drive-download-20220917T033142Z-001\PICKITMPLAB\DATKLL_TRAFFIC_LIGHT_UART.X\button_matrix\output.c
[...]
                     DDRB   0x000f93       data     extern E:\3.46\pic18-lt\cxx-framework\src\traditional\proc\p18f4620.asm
                     DDRC   0x000f94       data     extern E:\3.46\pic18-lt\cxx-framework\src\traditional\proc\p18f4620.asm
                TRISCbits   0x000f94       data     extern E:\3.46\pic18-lt\cxx-framework\src\traditional\proc\p18f4620.asm
                    TRISC   0x000f94       data     extern E:\3.46\pic18-lt\cxx-framework\src\traditional\proc\p18f4620.asm
                 DDRCbits   0x000f94       data     extern E:\3.46\pic18-lt\cxx-framework\src\traditional\proc\p18f4620.asm
                TRISDbits   0x000f95       data     extern E:\3.46\pic18-lt\cxx-framework\src\traditional\proc\p18f4620.asm
                    TRISD   0x000f95       data     extern E:\3.46\pic18-lt\cxx-framework\src\traditional\proc\p18f4620.asm
                     DDRD   0x000f95       data     extern E:\3.46\pic18-lt\cxx-framework\src\traditional\proc\p18f4620.asm
                 DDRDbits   0x000f95       data     extern E:\3.46\pic18-lt\cxx-framework\src\traditional\proc\p18f4620.asm
                TRISEbits   0x000f96       data     extern E:\3.46\pic18-lt\cxx-framework\src\traditional\proc\p18f4620.asm
                    TRISE   0x000f96       data     extern E:\3.46\pic18-lt\cxx-framework\src\traditional\proc\p18f4620.asm
                     DDRE   0x000f96       data     extern E:\3.46\pic18-lt\cxx-framework\src\traditional\proc\p18f4620.asm
                 DDREbits   0x000f96       data     extern E:\3.46\pic18-lt\cxx-framework\src\traditional\proc\p18f4620.asm
              OSCTUNEbits   0x000f9b       data     extern E:\3.46\pic18-lt\cxx-framework\src\traditional\proc\p18f4620.asm
                  OSCTUNE   0x000f9b       data     extern E:\3.46\pic18-lt\cxx-framework\src\traditional\proc\p18f4620.asm
                     PIE1   0x000f9d       data     extern E:\3.46\pic18-lt\cxx-framework\src\traditional\proc\p18f4620.asm
                 PIE1bits   0x000f9d       data     extern E:\3.46\pic18-lt\cxx-framework\src\traditional\proc\p18f4620.asm
                     PIR1   0x000f9e       data     extern E:\3.46\pic18-lt\cxx-framework\src\traditional\proc\p18f4620.asm
                 PIR1bits   0x000f9e       data     extern E:\3.46\pic18-lt\cxx-framework\src\traditional\proc\p18f4620.asm
                     IPR1   0x000f9f       data     extern E:\3.46\pic18-lt\cxx-framework\src\traditional\proc\p18f4620.asm
                 IPR1bits   0x000f9f       data     extern E:\3.46\pic18-lt\cxx-framework\src\traditional\proc\p18f4620.asm
                 PIE2bits   0x000fa0       data     extern E:\3.46\pic18-lt\cxx-framework\src\traditional\proc\p18f4620.asm
                     PIE2   0x000fa0       data     extern E:\3.46\pic18-lt\cxx-framework\src\traditional\proc\p18f4620.asm
                 PIR2bits   0x000fa1       data     extern E:\3.46\pic18-lt\cxx-framework\src\traditional\proc\p18f4620.asm
                     PIR2   0x000fa1       data     extern E:\3.46\pic18-lt\cxx-framework\src\traditional\proc\p18f4620.asm
                 IPR2bits   0x000fa2       data     extern E:\3.46\pic18-lt\cxx-framework\src\traditional\proc\p18f4620.asm
                     IPR2   0x000fa2       data     extern E:\3.46\pic18-lt\cxx-framework\src\traditional\proc\p18f4620.asm
               EECON1bits   0x000fa6       data     extern E:\3.46\pic18-lt\cxx-framework\src\traditional\proc\p18f4620.asm
                   EECON1   0x000fa6       data     extern E:\3.46\pic18-lt\cxx-framework\src\traditional\proc\p18f4620.asm
                   EECON2   0x000fa7       data     extern E:\3.46\pic18-lt\cxx-framework\src\traditional\proc\p18f4620.asm
                   EEDATA   0x000fa8       data     extern E:\3.46\pic18-lt\cxx-framework\src\traditional\proc\p18f4620.asm
                    EEADR   0x000fa9       data     extern E:\3.46\pic18-lt\cxx-framework\src\traditional\proc\p18f4620.asm
                   EEADRH   0x000faa       data     extern E:\3.46\pic18-lt\cxx-framework\src\traditional\proc\p18f4620.asm
                RCSTAbits   0x000fab       data     extern E:\3.46\pic18-lt\cxx-framework\src\traditional\proc\p18f4620.asm
                    RCSTA   0x000fab       data     extern E:\3.46\pic18-lt\cxx-framework\src\traditional\proc\p18f4620.asm
                    TXSTA   0x000fac       data     extern E:\3.46\pic18-lt\cxx-framework\src\traditional\proc\p18f4620.asm
                TXSTAbits   0x000fac       data     extern E:\3.46\pic18-lt\cxx-framework\src\traditional\proc\p18f4620.asm
                    TXREG   0x000fad       data     extern E:\3.46\pic18-lt\cxx-framework\src\traditional\proc\p18f4620.asm
                    RCREG   0x000fae       data     extern E:\3.46\pic18-lt\cxx-framework\src\traditional\proc\p18f4620.asm
                    SPBRG   0x000faf       data     extern E:\3.46\pic18-lt\cxx-framework\src\traditional\proc\p18f4620.asm
                   SPBRGH   0x000fb0       data     extern E:\3.46\pic18-lt\cxx-framework\src\traditional\proc\p18f4620.asm
                    T3CON   0x000fb1       data     extern E:\3.46\pic18-lt\cxx-framework\src\traditional\proc\p18f4620.asm
                T3CONbits   0x000fb1       data     extern E:\3.46\pic18-lt\cxx-framework\src\traditional\proc\p18f4620.asm
                    TMR3L   0x000fb2       data     extern E:\3.46\pic18-lt\cxx-framework\src\traditional\proc\p18f4620.asm
                    TMR3H   0x000fb3       data     extern E:\3.46\pic18-lt\cxx-framework\src\traditional\proc\p18f4620.asm
                    CMCON   0x000fb4       data     extern E:\3.46\pic18-lt\cxx-framework\src\traditional\proc\p18f4620.asm
                CMCONbits   0x000fb4       data     extern E:\3.46\pic18-lt\cxx-framework\src\traditional\proc\p18f4620.asm
                   CVRCON   0x000fb5       data     extern E:\3.46\pic18-lt\cxx-framework\src\traditional\proc\p18f4620.asm
               CVRCONbits   0x000fb5       data     extern E:\3.46\pic18-lt\cxx-framework\src\traditional\proc\p18f4620.asm
              ECCP1ASbits   0x000fb6       data     extern E:\3.46\pic18-lt\cxx-framework\src\traditional\proc\p18f4620.asm
                  ECCP1AS   0x000fb6       data     extern E:\3.46\pic18-lt\cxx-framework\src\traditional\proc\p18f4620.asm
              PWM1CONbits   0x000fb7       data     extern E:\3.46\pic18-lt\cxx-framework\src\traditional\proc\p18f4620.asm
                  PWM1CON   0x000fb7       data     extern E:\3.46\pic18-lt\cxx-framework\src\traditional\proc\p18f4620.asm
                  BAUDCON   0x000fb8       data     extern E:\3.46\pic18-lt\cxx-framework\src\traditional\proc\p18f4620.asm
              BAUDCONbits   0x000fb8       data     extern E:\3.46\pic18-lt\cxx-framework\src\traditional\proc\p18f4620.asm
              BAUDCTLbits   0x000fb8       data     extern E:\3.46\pic18-lt\cxx-framework\src\traditional\proc\p18f4620.asm
                  BAUDCTL   0x000fb8       data     extern E:\3.46\pic18-lt\cxx-framework\src\traditional\proc\p18f4620.asm
              CCP2CONbits   0x000fba       data     extern E:\3.46\pic18-lt\cxx-framework\src\traditional\proc\p18f4620.asm
                  CCP2CON   0x000fba       data     extern E:\3.46\pic18-lt\cxx-framework\src\traditional\proc\p18f4620.asm
                   CCPR2L   0x000fbb       data     extern E:\3.46\pic18-lt\cxx-framework\src\traditional\proc\p18f4620.asm
                    CCPR2   0x000fbb       data     extern E:\3.46\pic18-lt\cxx-framework\src\traditional\proc\p18f4620.asm
                   CCPR2H   0x000fbc       data     extern E:\3.46\pic18-lt\cxx-framework\src\traditional\proc\p18f4620.asm
                  CCP1CON   0x000fbd       data     extern E:\3.46\pic18-lt\cxx-framework\src\traditional\proc\p18f4620.asm
              CCP1CONbits   0x000fbd       data     extern E:\3.46\pic18-lt\cxx-framework\src\traditional\proc\p18f4620.asm
                   CCPR1L   0x000fbe       data     extern E:\3.46\pic18-lt\cxx-framework\src\traditional\proc\p18f4620.asm
                    CCPR1   0x000fbe       data     extern E:\3.46\pic18-lt\cxx-framework\src\traditional\proc\p18f4620.asm
                   CCPR1H   0x000fbf       data     extern E:\3.46\pic18-lt\cxx-framework\src\traditional\proc\p18f4620.asm
               ADCON2bits   0x000fc0       data     extern E:\3.46\pic18-lt\cxx-framework\src\traditional\proc\p18f4620.asm
                   ADCON2   0x000fc0       data     extern E:\3.46\pic18-lt\cxx-framework\src\traditional\proc\p18f4620.asm
               ADCON1bits   0x000fc1       data     extern E:\3.46\pic18-lt\cxx-framework\src\traditional\proc\p18f4620.asm
                   ADCON1   0x000fc1       data     extern E:\3.46\pic18-lt\cxx-framework\src\traditional\proc\p18f4620.asm
                   ADCON0   0x000fc2       data     extern E:\3.46\pic18-lt\cxx-framework\src\traditional\proc\p18f4620.asm
               ADCON0bits   0x000fc2       data     extern E:\3.46\pic18-lt\cxx-framework\src\traditional\proc\p18f4620.asm
                    ADRES   0x000fc3       data     extern E:\3.46\pic18-lt\cxx-framework\src\traditional\proc\p18f4620.asm
                   ADRESL   0x000fc3       data     extern E:\3.46\pic18-lt\cxx-framework\src\traditional\proc\p18f4620.asm
                   ADRESH   0x000fc4       data     extern E:\3.46\pic18-lt\cxx-framework\src\traditional\proc\p18f4620.asm
                  SSPCON2   0x000fc5       data     extern E:\3.46\pic18-lt\cxx-framework\src\traditional\proc\p18f4620.asm
              SSPCON2bits   0x000fc5       data     extern E:\3.46\pic18-lt\cxx-framework\src\traditional\proc\p18f4620.asm
                  SSPCON1   0x000fc6       data     extern E:\3.46\pic18-lt\cxx-framework\src\traditional\proc\p18f4620.asm
              SSPCON1bits   0x000fc6       data     extern E:\3.46\pic18-lt\cxx-framework\src\traditional\proc\p18f4620.asm
                  SSPSTAT   0x000fc7       data     extern E:\3.46\pic18-lt\cxx-framework\src\traditional\proc\p18f4620.asm
              SSPSTATbits   0x000fc7       data     extern E:\3.46\pic18-lt\cxx-framework\src\traditional\proc\p18f4620.asm
                   SSPADD   0x000fc8       data     extern E:\3.46\pic18-lt\cxx-framework\src\traditional\proc\p18f4620.asm
                   SSPBUF   0x000fc9       data     extern E:\3.46\pic18-lt\cxx-framework\src\traditional\proc\p18f4620.asm
                    T2CON   0x000fca       data     extern E:\3.46\pic18-lt\cxx-framework\src\traditional\proc\p18f4620.asm
                T2CONbits   0x000fca       data     extern E:\3.46\pic18-lt\cxx-framework\src\traditional\proc\p18f4620.asm
                      PR2   0x000fcb       data     extern E:\3.46\pic18-lt\cxx-framework\src\traditional\proc\p18f4620.asm
                     TMR2   0x000fcc       data     extern E:\3.46\pic18-lt\cxx-framework\src\traditional\proc\p18f4620.asm
                T1CONbits   0x000fcd       data     extern E:\3.46\pic18-lt\cxx-framework\src\traditional\proc\p18f4620.asm
                    T1CON   0x000fcd       data     extern E:\3.46\pic18-lt\cxx-framework\src\traditional\proc\p18f4620.asm
                    TMR1L   0x000fce       data     extern E:\3.46\pic18-lt\cxx-framework\src\traditional\proc\p18f4620.asm
                    TMR1H   0x000fcf       data     extern E:\3.46\pic18-lt\cxx-framework\src\traditional\proc\p18f4620.asm
                     RCON   0x000fd0       data     extern E:\3.46\pic18-lt\cxx-framework\src\traditional\proc\p18f4620.asm
                 RCONbits   0x000fd0       data     extern E:\3.46\pic18-lt\cxx-framework\src\traditional\proc\p18f4620.asm
               WDTCONbits   0x000fd1       data     extern E:\3.46\pic18-lt\cxx-framework\src\traditional\proc\p18f4620.asm
                   WDTCON   0x000fd1       data     extern E:\3.46\pic18-lt\cxx-framework\src\traditional\proc\p18f4620.asm
               LVDCONbits   0x000fd2       data     extern E:\3.46\pic18-lt\cxx-framework\src\traditional\proc\p18f4620.asm
                   LVDCON   0x000fd2       data     extern E:\3.46\pic18-lt\cxx-framework\src\traditional\proc\p18f4620.asm
              HLVDCONbits   0x000fd2       data     extern E:\3.46\pic18-lt\cxx-framework\src\traditional\proc\p18f4620.asm
                  HLVDCON   0x000fd2       data     extern E:\3.46\pic18-lt\cxx-framework\src\traditional\proc\p18f4620.asm
               OSCCONbits   0x000fd3       data     extern E:\3.46\pic18-lt\cxx-framework\src\traditional\proc\p18f4620.asm
                   OSCCON   0x000fd3       data     extern E:\3.46\pic18-lt\cxx-framework\src\traditional\proc\p18f4620.asm
                T0CONbits   0x000fd5       data     extern E:\3.46\pic18-lt\cxx-framework\src\traditional\proc\p18f4620.asm
                    T0CON   0x000fd5       data     extern E:\3.46\pic18-lt\cxx-framework\src\traditional\proc\p18f4620.asm
                    TMR0L   0x000fd6       data     extern E:\3.46\pic18-lt\cxx-framework\src\traditional\proc\p18f4620.asm
                    TMR0H   0x000fd7       data     extern E:\3.46\pic18-lt\cxx-framework\src\traditional\proc\p18f4620.asm
                   STATUS   0x000fd8       data     extern E:\3.46\pic18-lt\cxx-framework\src\traditional\proc\p18f4620.asm
               STATUSbits   0x000fd8       data     extern E:\3.46\pic18-lt\cxx-framework\src\traditional\proc\p18f4620.asm
                     FSR2   0x000fd9       data     extern E:\3.46\pic18-lt\cxx-framework\src\traditional\proc\p18f4620.asm
                    FSR2L   0x000fd9       data     extern E:\3.46\pic18-lt\cxx-framework\src\traditional\proc\p18f4620.asm
                    FSR2H   0x000fda       data     extern E:\3.46\pic18-lt\cxx-framework\src\traditional\proc\p18f4620.asm
                   PLUSW2   0x000fdb       data     extern E:\3.46\pic18-lt\cxx-framework\src\traditional\proc\p18f4620.asm
                  PREINC2   0x000fdc       data     extern E:\3.46\pic18-lt\cxx-framework\src\traditional\proc\p18f4620.asm
                 POSTDEC2   0x000fdd       data     extern E:\3.46\pic18-lt\cxx-framework\src\traditional\proc\p18f4620.asm
                 POSTINC2   0x000fde       data     extern E:\3.46\pic18-lt\cxx-framework\src\traditional\proc\p18f4620.asm
                    INDF2   0x000fdf       data     extern E:\3.46\pic18-lt\cxx-framework\src\traditional\proc\p18f4620.asm
                      BSR   0x000fe0       data     extern E:\3.46\pic18-lt\cxx-framework\src\traditional\proc\p18f4620.asm
                     FSR1   0x000fe1       data     extern E:\3.46\pic18-lt\cxx-framework\src\traditional\proc\p18f4620.asm
                    FSR1L   0x000fe1       data     extern E:\3.46\pic18-lt\cxx-framework\src\traditional\proc\p18f4620.asm
                    FSR1H   0x000fe2       data     extern E:\3.46\pic18-lt\cxx-framework\src\traditional\proc\p18f4620.asm
                   PLUSW1   0x000fe3       data     extern E:\3.46\pic18-lt\cxx-framework\src\traditional\proc\p18f4620.asm
                  PREINC1   0x000fe4       data     extern E:\3.46\pic18-lt\cxx-framework\src\traditional\proc\p18f4620.asm
                 POSTDEC1   0x000fe5       data     extern E:\3.46\pic18-lt\cxx-framework\src\traditional\proc\p18f4620.asm
                 POSTINC1   0x000fe6       data     extern E:\3.46\pic18-lt\cxx-framework\src\traditional\proc\p18f4620.asm
                    INDF1   0x000fe7       data     extern E:\3.46\pic18-lt\cxx-framework\src\traditional\proc\p18f4620.asm
                        W   0x000fe8       data     extern E:\3.46\pic18-lt\cxx-framework\src\traditional\proc\p18f4620.asm
                     WREG   0x000fe8       data     extern E:\3.46\pic18-lt\cxx-framework\src\traditional\proc\p18f4620.asm
                    FSR0L   0x000fe9       data     extern E:\3.46\pic18-lt\cxx-framework\src\traditional\proc\p18f4620.asm
                     FSR0   0x000fe9       data     extern E:\3.46\pic18-lt\cxx-framework\src\traditional\proc\p18f4620.asm
                    FSR0H   0x000fea       data     extern E:\3.46\pic18-lt\cxx-framework\src\traditional\proc\p18f4620.asm
                   PLUSW0   0x000feb       data     extern E:\3.46\pic18-lt\cxx-framework\src\traditional\proc\p18f4620.asm
                  PREINC0   0x000fec       data     extern E:\3.46\pic18-lt\cxx-framework\src\traditional\proc\p18f4620.asm
                 POSTDEC0   0x000fed       data     extern E:\3.46\pic18-lt\cxx-framework\src\traditional\proc\p18f4620.asm
                 POSTINC0   0x000fee       data     extern E:\3.46\pic18-lt\cxx-framework\src\traditional\proc\p18f4620.asm
                    INDF0   0x000fef       data     extern E:\3.46\pic18-lt\cxx-framework\src\traditional\proc\p18f4620.asm
              INTCON3bits   0x000ff0       data     extern E:\3.46\pic18-lt\cxx-framework\src\traditional\proc\p18f4620.asm
                  INTCON3   0x000ff0       data     extern E:\3.46\pic18-lt\cxx-framework\src\traditional\proc\p18f4620.asm
                  INTCON2   0x000ff1       data     extern E:\3.46\pic18-lt\cxx-framework\src\traditional\proc\p18f4620.asm
              INTCON2bits   0x000ff1       data     extern E:\3.46\pic18-lt\cxx-framework\src\traditional\proc\p18f4620.asm
                   INTCON   0x000ff2       data     extern E:\3.46\pic18-lt\cxx-framework\src\traditional\proc\p18f4620.asm
               INTCONbits   0x000ff2       data     extern E:\3.46\pic18-lt\cxx-framework\src\traditional\proc\p18f4620.asm
                     PROD   0x000ff3       data     extern E:\3.46\pic18-lt\cxx-framework\src\traditional\proc\p18f4620.asm
                    PRODL   0x000ff3       data     extern E:\3.46\pic18-lt\cxx-framework\src\traditional\proc\p18f4620.asm
                    PRODH   0x000ff4       data     extern E:\3.46\pic18-lt\cxx-framework\src\traditional\proc\p18f4620.asm
                   TABLAT   0x000ff5       data     extern E:\3.46\pic18-lt\cxx-framework\src\traditional\proc\p18f4620.asm
                  TBLPTRL   0x000ff6       data     extern E:\3.46\pic18-lt\cxx-framework\src\traditional\proc\p18f4620.asm
                   TBLPTR   0x000ff6       data     extern E:\3.46\pic18-lt\cxx-framework\src\traditional\proc\p18f4620.asm
                  TBLPTRH   0x000ff7       data     extern E:\3.46\pic18-lt\cxx-framework\src\traditional\proc\p18f4620.asm
                  TBLPTRU   0x000ff8       data     extern E:\3.46\pic18-lt\cxx-framework\src\traditional\proc\p18f4620.asm
                       PC   0x000ff9       data     extern E:\3.46\pic18-lt\cxx-framework\src\traditional\proc\p18f4620.asm
                      PCL   0x000ff9       data     extern E:\3.46\pic18-lt\cxx-framework\src\traditional\proc\p18f4620.asm
                   PCLATH   0x000ffa       data     extern E:\3.46\pic18-lt\cxx-framework\src\traditional\proc\p18f4620.asm
                   PCLATU   0x000ffb       data     extern E:\3.46\pic18-lt\cxx-framework\src\traditional\proc\p18f4620.asm
                   STKPTR   0x000ffc       data     extern E:\3.46\pic18-lt\cxx-framework\src\traditional\proc\p18f4620.asm
               STKPTRbits   0x000ffc       data     extern E:\3.46\pic18-lt\cxx-framework\src\traditional\proc\p18f4620.asm
                      TOS   0x000ffd       data     extern E:\3.46\pic18-lt\cxx-framework\src\traditional\proc\p18f4620.asm
                     TOSL   0x000ffd       data     extern E:\3.46\pic18-lt\cxx-framework\src\traditional\proc\p18f4620.asm
                     TOSH   0x000ffe       data     extern E:\3.46\pic18-lt\cxx-framework\src\traditional\proc\p18f4620.asm
                     TOSU   0x000fff       data     extern E:\3.46\pic18-lt\cxx-framework\src\traditional\proc\p18f4620.asm


